Archive member included to satisfy reference by file (symbol)

/usr/lib/gcc/arm-none-eabi/13.2.1/../../../arm-none-eabi/lib/thumb/v7e-m+fp/hard/libc_nano.a(libc_a-init.o)
                              /usr/lib/gcc/arm-none-eabi/13.2.1/../../../arm-none-eabi/lib/thumb/v7e-m+fp/hard/crt0.o (__libc_init_array)
/usr/lib/gcc/arm-none-eabi/13.2.1/../../../arm-none-eabi/lib/thumb/v7e-m+fp/hard/libc_nano.a(libc_a-memset.o)
                              /usr/lib/gcc/arm-none-eabi/13.2.1/../../../arm-none-eabi/lib/thumb/v7e-m+fp/hard/crt0.o (memset)
/usr/lib/gcc/arm-none-eabi/13.2.1/../../../arm-none-eabi/lib/thumb/v7e-m+fp/hard/libc_nano.a(libc_a-errno.o)
                              build/debug/syscalls.o (__errno)
/usr/lib/gcc/arm-none-eabi/13.2.1/../../../arm-none-eabi/lib/thumb/v7e-m+fp/hard/libc_nano.a(libc_a-exit.o)
                              /usr/lib/gcc/arm-none-eabi/13.2.1/../../../arm-none-eabi/lib/thumb/v7e-m+fp/hard/crt0.o (exit)
/usr/lib/gcc/arm-none-eabi/13.2.1/../../../arm-none-eabi/lib/thumb/v7e-m+fp/hard/libc_nano.a(libc_a-atexit.o)
                              /usr/lib/gcc/arm-none-eabi/13.2.1/../../../arm-none-eabi/lib/thumb/v7e-m+fp/hard/crt0.o (atexit)
/usr/lib/gcc/arm-none-eabi/13.2.1/../../../arm-none-eabi/lib/thumb/v7e-m+fp/hard/libc_nano.a(libc_a-fini.o)
                              /usr/lib/gcc/arm-none-eabi/13.2.1/../../../arm-none-eabi/lib/thumb/v7e-m+fp/hard/crt0.o (__libc_fini_array)
/usr/lib/gcc/arm-none-eabi/13.2.1/../../../arm-none-eabi/lib/thumb/v7e-m+fp/hard/libc_nano.a(libc_a-impure.o)
                              /usr/lib/gcc/arm-none-eabi/13.2.1/../../../arm-none-eabi/lib/thumb/v7e-m+fp/hard/libc_nano.a(libc_a-errno.o) (_impure_ptr)
/usr/lib/gcc/arm-none-eabi/13.2.1/../../../arm-none-eabi/lib/thumb/v7e-m+fp/hard/libc_nano.a(libc_a-findfp.o)
                              /usr/lib/gcc/arm-none-eabi/13.2.1/../../../arm-none-eabi/lib/thumb/v7e-m+fp/hard/libc_nano.a(libc_a-exit.o) (__stdio_exit_handler)
/usr/lib/gcc/arm-none-eabi/13.2.1/../../../arm-none-eabi/lib/thumb/v7e-m+fp/hard/libc_nano.a(libc_a-fflush.o)
                              /usr/lib/gcc/arm-none-eabi/13.2.1/../../../arm-none-eabi/lib/thumb/v7e-m+fp/hard/libc_nano.a(libc_a-findfp.o) (_fflush_r)
/usr/lib/gcc/arm-none-eabi/13.2.1/../../../arm-none-eabi/lib/thumb/v7e-m+fp/hard/libc_nano.a(libc_a-mallocr.o)
                              /usr/lib/gcc/arm-none-eabi/13.2.1/../../../arm-none-eabi/lib/thumb/v7e-m+fp/hard/libc_nano.a(libc_a-findfp.o) (_malloc_r)
/usr/lib/gcc/arm-none-eabi/13.2.1/../../../arm-none-eabi/lib/thumb/v7e-m+fp/hard/libc_nano.a(libc_a-freer.o)
                              /usr/lib/gcc/arm-none-eabi/13.2.1/../../../arm-none-eabi/lib/thumb/v7e-m+fp/hard/libc_nano.a(libc_a-fflush.o) (_free_r)
/usr/lib/gcc/arm-none-eabi/13.2.1/../../../arm-none-eabi/lib/thumb/v7e-m+fp/hard/libc_nano.a(libc_a-fwalk.o)
                              /usr/lib/gcc/arm-none-eabi/13.2.1/../../../arm-none-eabi/lib/thumb/v7e-m+fp/hard/libc_nano.a(libc_a-findfp.o) (_fwalk_sglue)
/usr/lib/gcc/arm-none-eabi/13.2.1/../../../arm-none-eabi/lib/thumb/v7e-m+fp/hard/libc_nano.a(libc_a-__atexit.o)
                              /usr/lib/gcc/arm-none-eabi/13.2.1/../../../arm-none-eabi/lib/thumb/v7e-m+fp/hard/libc_nano.a(libc_a-atexit.o) (__register_exitproc)
/usr/lib/gcc/arm-none-eabi/13.2.1/../../../arm-none-eabi/lib/thumb/v7e-m+fp/hard/libc_nano.a(libc_a-mlock.o)
                              /usr/lib/gcc/arm-none-eabi/13.2.1/../../../arm-none-eabi/lib/thumb/v7e-m+fp/hard/libc_nano.a(libc_a-mallocr.o) (__malloc_lock)
/usr/lib/gcc/arm-none-eabi/13.2.1/../../../arm-none-eabi/lib/thumb/v7e-m+fp/hard/libc_nano.a(libc_a-sbrkr.o)
                              /usr/lib/gcc/arm-none-eabi/13.2.1/../../../arm-none-eabi/lib/thumb/v7e-m+fp/hard/libc_nano.a(libc_a-mallocr.o) (_sbrk_r)
/usr/lib/gcc/arm-none-eabi/13.2.1/../../../arm-none-eabi/lib/thumb/v7e-m+fp/hard/libc_nano.a(libc_a-stdio.o)
                              /usr/lib/gcc/arm-none-eabi/13.2.1/../../../arm-none-eabi/lib/thumb/v7e-m+fp/hard/libc_nano.a(libc_a-findfp.o) (__sread)
/usr/lib/gcc/arm-none-eabi/13.2.1/../../../arm-none-eabi/lib/thumb/v7e-m+fp/hard/libc_nano.a(libc_a-closer.o)
                              /usr/lib/gcc/arm-none-eabi/13.2.1/../../../arm-none-eabi/lib/thumb/v7e-m+fp/hard/libc_nano.a(libc_a-stdio.o) (_close_r)
/usr/lib/gcc/arm-none-eabi/13.2.1/../../../arm-none-eabi/lib/thumb/v7e-m+fp/hard/libc_nano.a(libc_a-__call_atexit.o)
                              /usr/lib/gcc/arm-none-eabi/13.2.1/../../../arm-none-eabi/lib/thumb/v7e-m+fp/hard/libc_nano.a(libc_a-__atexit.o) (__call_exitprocs)
/usr/lib/gcc/arm-none-eabi/13.2.1/../../../arm-none-eabi/lib/thumb/v7e-m+fp/hard/libc_nano.a(libc_a-readr.o)
                              /usr/lib/gcc/arm-none-eabi/13.2.1/../../../arm-none-eabi/lib/thumb/v7e-m+fp/hard/libc_nano.a(libc_a-stdio.o) (_read_r)
/usr/lib/gcc/arm-none-eabi/13.2.1/../../../arm-none-eabi/lib/thumb/v7e-m+fp/hard/libc_nano.a(libc_a-reent.o)
[...]
Memory Configuration

Name             Origin             Length             Attributes
RAM              0x20000000         0x00020000         xrw
CCMRAM           0x10000000         0x00010000         xrw
FLASH            0x08000000         0x00100000         xr
*default*        0x00000000         0xffffffff

Linker script and memory map

LOAD /usr/lib/gcc/arm-none-eabi/13.2.1/thumb/v7e-m+fp/hard/crti.o
LOAD /usr/lib/gcc/arm-none-eabi/13.2.1/thumb/v7e-m+fp/hard/crtbegin.o
LOAD /usr/lib/gcc/arm-none-eabi/13.2.1/../../../arm-none-eabi/lib/thumb/v7e-m+fp/hard/crt0.o
LOAD build/debug/can.o
LOAD build/debug/gpio.o
LOAD build/debug/main.o
LOAD build/debug/spi.o
LOAD build/debug/stm32f4xx_hal.o
LOAD build/debug/stm32f4xx_hal_can.o
LOAD build/debug/stm32f4xx_hal_cortex.o
LOAD build/debug/stm32f4xx_hal_dma.o
LOAD build/debug/stm32f4xx_hal_dma_ex.o
LOAD build/debug/stm32f4xx_hal_exti.o
LOAD build/debug/stm32f4xx_hal_flash.o
LOAD build/debug/stm32f4xx_hal_flash_ex.o
LOAD build/debug/stm32f4xx_hal_flash_ramfunc.o
LOAD build/debug/stm32f4xx_hal_gpio.o
LOAD build/debug/stm32f4xx_hal_msp.o
LOAD build/debug/stm32f4xx_hal_pwr.o
LOAD build/debug/stm32f4xx_hal_pwr_ex.o
LOAD build/debug/stm32f4xx_hal_rcc.o
LOAD build/debug/stm32f4xx_hal_rcc_ex.o
LOAD build/debug/stm32f4xx_hal_spi.o
LOAD build/debug/stm32f4xx_hal_uart.o
LOAD build/debug/stm32f4xx_it.o
LOAD build/debug/syscalls.o
LOAD build/debug/sysmem.o
LOAD build/debug/system_stm32f4xx.o
LOAD build/debug/usart.o
LOAD build/debug/startup_stm32f405xx.o
LOAD /usr/lib/gcc/arm-none-eabi/13.2.1/../../../arm-none-eabi/lib/thumb/v7e-m+fp/hard/libc_nano.a
LOAD /usr/lib/gcc/arm-none-eabi/13.2.1/../../../arm-none-eabi/lib/thumb/v7e-m+fp/hard/libm.a
LOAD /usr/lib/gcc/arm-none-eabi/13.2.1/../../../arm-none-eabi/lib/thumb/v7e-m+fp/hard/libnosys.a
START GROUP
LOAD /usr/lib/gcc/arm-none-eabi/13.2.1/thumb/v7e-m+fp/hard/libgcc.a
LOAD /usr/lib/gcc/arm-none-eabi/13.2.1/../../../arm-none-eabi/lib/thumb/v7e-m+fp/hard/libc_nano.a
END GROUP
START GROUP
LOAD /usr/lib/gcc/arm-none-eabi/13.2.1/thumb/v7e-m+fp/hard/libgcc.a
LOAD /usr/lib/gcc/arm-none-eabi/13.2.1/../../../arm-none-eabi/lib/thumb/v7e-m+fp/hard/libc_nano.a
END GROUP
LOAD /usr/lib/gcc/arm-none-eabi/13.2.1/thumb/v7e-m+fp/hard/crtend.o
LOAD /usr/lib/gcc/arm-none-eabi/13.2.1/thumb/v7e-m+fp/hard/crtn.o
                0x20020000                        _estack = (ORIGIN (RAM) + LENGTH (RAM))
                0x00000200                        _Min_Heap_Size = 0x200
                0x00000400                        _Min_Stack_Size = 0x400

.isr_vector     0x08000000      0x188
                0x08000000                        . = ALIGN (0x4)
 *(.isr_vector)
 .isr_vector    0x08000000      0x188 build/debug/startup_stm32f405xx.o
                0x08000000                g_pfnVectors
                0x08000188                        . = ALIGN (0x4)

.text           0x08000188     0x174c
                0x08000188                        . = ALIGN (0x4)
 *(.text)
 .text          0x08000188       0x88 /usr/lib/gcc/arm-none-eabi/13.2.1/thumb/v7e-m+fp/hard/crtbegin.o
 .text          0x08000210       0x50 /usr/lib/gcc/arm-none-eabi/13.2.1/../../../arm-none-eabi/lib/thumb/v7e-m+fp/hard/libc_nano.a(libc_a-init.o)
                0x08000210                __libc_init_array
 .text          0x08000260       0xa4 /usr/lib/gcc/arm-none-eabi/13.2.1/../../../arm-none-eabi/lib/thumb/v7e-m+fp/hard/libc_nano.a(libc_a-memset.o)
                0x08000260                memset
 .text          0x08000304       0x30 /usr/lib/gcc/arm-none-eabi/13.2.1/thumb/v7e-m+fp/hard/libgcc.a(_aeabi_uldivmod.o)
                0x08000304                __aeabi_uldivmod
 .text          0x08000334      0x2bc /usr/lib/gcc/arm-none-eabi/13.2.1/thumb/v7e-m+fp/hard/libgcc.a(_udivmoddi4.o)
                0x08000334                __udivmoddi4
 .text          0x080005f0        0x4 /usr/lib/gcc/arm-none-eabi/13.2.1/thumb/v7e-m+fp/hard/libgcc.a(_dvmd_tls.o)
                0x080005f0                __aeabi_ldiv0
                0x080005f0                __aeabi_idiv0
 *(.text*)
 .text.MX_CAN1_Init
                0x080005f4       0x38 build/debug/can.o
                0x080005f4                MX_CAN1_Init
 .text.HAL_CAN_MspInit
                0x0800062c       0x70 build/debug/can.o
                0x0800062c                HAL_CAN_MspInit
 .text.MX_GPIO_Init
                0x0800069c       0x90 build/debug/gpio.o
                0x0800069c                MX_GPIO_Init
 .text.Error_Handler
                0x0800072c        0x4 build/debug/main.o
                0x0800072c                Error_Handler
 .text.SystemClock_Config
                0x08000730       0xa8 build/debug/main.o
                0x08000730                SystemClock_Config
 .text.main     0x080007d8       0x24 build/debug/main.o
                0x080007d8                main
 .text.MX_SPI1_Init
                0x080007fc       0x40 build/debug/spi.o
                0x080007fc                MX_SPI1_Init
 .text.MX_SPI2_Init
                0x0800083c       0x40 build/debug/spi.o
                0x0800083c                MX_SPI2_Init
 .text.HAL_SPI_MspInit
                0x0800087c       0xf0 build/debug/spi.o
                0x0800087c                HAL_SPI_MspInit
 .text.HAL_InitTick
                0x0800096c       0x4c build/debug/stm32f4xx_hal.o
                0x0800096c                HAL_InitTick
 .text.HAL_Init
                0x080009b8       0x34 build/debug/stm32f4xx_hal.o
                0x080009b8                HAL_Init
 .text.HAL_IncTick
                0x080009ec       0x18 build/debug/stm32f4xx_hal.o
                0x080009ec                HAL_IncTick
 .text.HAL_GetTick
                0x08000a04        0xc build/debug/stm32f4xx_hal.o
                0x08000a04                HAL_GetTick
 .text.HAL_CAN_Init
                0x08000a10      0x14c build/debug/stm32f4xx_hal_can.o
                0x08000a10                HAL_CAN_Init
 .text.__NVIC_SetPriority
                0x08000b5c       0x28 build/debug/stm32f4xx_hal_cortex.o
 .text.NVIC_EncodePriority
                0x08000b84       0x3e build/debug/stm32f4xx_hal_cortex.o
 *fill*         0x08000bc2        0x2 
 .text.HAL_NVIC_SetPriorityGrouping
                0x08000bc4       0x24 build/debug/stm32f4xx_hal_cortex.o
                0x08000bc4                HAL_NVIC_SetPriorityGrouping
 .text.HAL_NVIC_SetPriority
                0x08000be8       0x20 build/debug/stm32f4xx_hal_cortex.o
                0x08000be8                HAL_NVIC_SetPriority
 .text.HAL_SYSTICK_Config
                0x08000c08       0x28 build/debug/stm32f4xx_hal_cortex.o
                0x08000c08                HAL_SYSTICK_Config
 .text.HAL_GPIO_Init
                0x08000c30      0x1ec build/debug/stm32f4xx_hal_gpio.o
                0x08000c30                HAL_GPIO_Init
 .text.HAL_GPIO_WritePin
                0x08000e1c        0xc build/debug/stm32f4xx_hal_gpio.o
                0x08000e1c                HAL_GPIO_WritePin
 .text.HAL_MspInit
                0x08000e28       0x38 build/debug/stm32f4xx_hal_msp.o
                0x08000e28                HAL_MspInit
 .text.HAL_RCC_OscConfig
                0x08000e60      0x3f8 build/debug/stm32f4xx_hal_rcc.o
                0x08000e60                HAL_RCC_OscConfig
 .text.HAL_RCC_GetSysClockFreq
                0x08001258       0xdc build/debug/stm32f4xx_hal_rcc.o
                0x08001258                HAL_RCC_GetSysClockFreq
 .text.HAL_RCC_ClockConfig
                0x08001334      0x160 build/debug/stm32f4xx_hal_rcc.o
                0x08001334                HAL_RCC_ClockConfig
 .text.HAL_RCC_GetHCLKFreq
                0x08001494        0xc build/debug/stm32f4xx_hal_rcc.o
                0x08001494                HAL_RCC_GetHCLKFreq
 .text.HAL_RCC_GetPCLK1Freq
                0x080014a0       0x20 build/debug/stm32f4xx_hal_rcc.o
                0x080014a0                HAL_RCC_GetPCLK1Freq
 .text.HAL_RCC_GetPCLK2Freq
                0x080014c0       0x20 build/debug/stm32f4xx_hal_rcc.o
                0x080014c0                HAL_RCC_GetPCLK2Freq
 .text.HAL_SPI_Init
                0x080014e0       0xbe build/debug/stm32f4xx_hal_spi.o
                0x080014e0                HAL_SPI_Init
 *fill*         0x0800159e        0x2 
 .text.UART_SetConfig
                0x080015a0      0x110 build/debug/stm32f4xx_hal_uart.o
 .text.HAL_UART_Init
                0x080016b0       0x60 build/debug/stm32f4xx_hal_uart.o
                0x080016b0                HAL_UART_Init
 .text.NMI_Handler
                0x08001710        0x2 build/debug/stm32f4xx_it.o
                0x08001710                NMI_Handler
 .text.HardFault_Handler
                0x08001712        0x2 build/debug/stm32f4xx_it.o
                0x08001712                HardFault_Handler
 .text.MemManage_Handler
                0x08001714        0x2 build/debug/stm32f4xx_it.o
                0x08001714                MemManage_Handler
 .text.BusFault_Handler
                0x08001716        0x2 build/debug/stm32f4xx_it.o
                0x08001716                BusFault_Handler
 .text.UsageFault_Handler
                0x08001718        0x2 build/debug/stm32f4xx_it.o
                0x08001718                UsageFault_Handler
 .text.SVC_Handler
                0x0800171a        0x2 build/debug/stm32f4xx_it.o
                0x0800171a                SVC_Handler
 .text.DebugMon_Handler
                0x0800171c        0x2 build/debug/stm32f4xx_it.o
                0x0800171c                DebugMon_Handler
 .text.PendSV_Handler
                0x0800171e        0x2 build/debug/stm32f4xx_it.o
                0x0800171e                PendSV_Handler
 .text.SysTick_Handler
                0x08001720        0x8 build/debug/stm32f4xx_it.o
                0x08001720                SysTick_Handler
 .text.SystemInit
                0x08001728       0x14 build/debug/system_stm32f4xx.o
                0x08001728                SystemInit
 .text.MX_USART1_UART_Init
                0x0800173c       0x34 build/debug/usart.o
                0x0800173c                MX_USART1_UART_Init
 .text.MX_USART2_UART_Init
                0x08001770       0x34 build/debug/usart.o
                0x08001770                MX_USART2_UART_Init
 .text.HAL_UART_MspInit
                0x080017a4       0xc4 build/debug/usart.o
                0x080017a4                HAL_UART_MspInit
 .text.Reset_Handler
                0x08001868       0x50 build/debug/startup_stm32f405xx.o
                0x08001868                Reset_Handler
 .text.Default_Handler
                0x080018b8        0x2 build/debug/startup_stm32f405xx.o
                0x080018b8                RTC_Alarm_IRQHandler
                0x080018b8                HASH_RNG_IRQHandler
                0x080018b8                EXTI2_IRQHandler
                0x080018b8                TIM8_CC_IRQHandler
                0x080018b8                TIM1_CC_IRQHandler
                0x080018b8                DMA2_Stream5_IRQHandler
                0x080018b8                DMA1_Stream5_IRQHandler
                0x080018b8                PVD_IRQHandler
                0x080018b8                SDIO_IRQHandler
                0x080018b8                TAMP_STAMP_IRQHandler
                0x080018b8                CAN2_RX1_IRQHandler
                0x080018b8                EXTI3_IRQHandler
                0x080018b8                TIM8_TRG_COM_TIM14_IRQHandler
                0x080018b8                TIM1_UP_TIM10_IRQHandler
                0x080018b8                TIM8_UP_TIM13_IRQHandler
                0x080018b8                I2C3_ER_IRQHandler
                0x080018b8                EXTI0_IRQHandler
                0x080018b8                I2C2_EV_IRQHandler
                0x080018b8                DMA1_Stream2_IRQHandler
                0x080018b8                CAN1_RX0_IRQHandler
                0x080018b8                FPU_IRQHandler
                0x080018b8                OTG_HS_WKUP_IRQHandler
                0x080018b8                CAN2_SCE_IRQHandler
                0x080018b8                DMA2_Stream2_IRQHandler
                0x080018b8                SPI1_IRQHandler
                0x080018b8                TIM6_DAC_IRQHandler
                0x080018b8                TIM1_BRK_TIM9_IRQHandler
                0x080018b8                CAN2_RX0_IRQHandler
                0x080018b8                DMA2_Stream3_IRQHandler
                0x080018b8                USART6_IRQHandler
                0x080018b8                USART3_IRQHandler
                0x080018b8                CAN1_RX1_IRQHandler
                0x080018b8                UART5_IRQHandler
                0x080018b8                DMA2_Stream0_IRQHandler
                0x080018b8                TIM4_IRQHandler
                0x080018b8                I2C1_EV_IRQHandler
                0x080018b8                DMA1_Stream6_IRQHandler
                0x080018b8                DMA1_Stream1_IRQHandler
                0x080018b8                UART4_IRQHandler
                0x080018b8                TIM3_IRQHandler
                0x080018b8                RCC_IRQHandler
                0x080018b8                TIM8_BRK_TIM12_IRQHandler
                0x080018b8                Default_Handler
                0x080018b8                EXTI15_10_IRQHandler
                0x080018b8                ADC_IRQHandler
                0x080018b8                DMA1_Stream7_IRQHandler
                0x080018b8                TIM7_IRQHandler
                0x080018b8                CAN2_TX_IRQHandler
                0x080018b8                TIM5_IRQHandler
                0x080018b8                DMA2_Stream7_IRQHandler
                0x080018b8                I2C3_EV_IRQHandler
                0x080018b8                EXTI9_5_IRQHandler
                0x080018b8                RTC_WKUP_IRQHandler
                0x080018b8                SPI2_IRQHandler
                0x080018b8                OTG_HS_EP1_IN_IRQHandler
                0x080018b8                DMA1_Stream0_IRQHandler
                0x080018b8                CAN1_TX_IRQHandler
                0x080018b8                EXTI4_IRQHandler
                0x080018b8                FSMC_IRQHandler
                0x080018b8                OTG_HS_EP1_OUT_IRQHandler
                0x080018b8                WWDG_IRQHandler
                0x080018b8                TIM2_IRQHandler
                0x080018b8                OTG_FS_WKUP_IRQHandler
                0x080018b8                TIM1_TRG_COM_TIM11_IRQHandler
                0x080018b8                OTG_HS_IRQHandler
                0x080018b8                EXTI1_IRQHandler
                0x080018b8                USART2_IRQHandler
                0x080018b8                I2C2_ER_IRQHandler
                0x080018b8                DMA2_Stream1_IRQHandler
                0x080018b8                CAN1_SCE_IRQHandler
                0x080018b8                FLASH_IRQHandler
                0x080018b8                DMA2_Stream4_IRQHandler
                0x080018b8                USART1_IRQHandler
                0x080018b8                OTG_FS_IRQHandler
                0x080018b8                SPI3_IRQHandler
                0x080018b8                DMA1_Stream4_IRQHandler
                0x080018b8                I2C1_ER_IRQHandler
                0x080018b8                DMA2_Stream6_IRQHandler
                0x080018b8                DMA1_Stream3_IRQHandler
 *(.glue_7)
 .glue_7        0x080018ba        0x0 linker stubs
 *(.glue_7t)
 .glue_7t       0x080018ba        0x0 linker stubs
 *(.eh_frame)
 *fill*         0x080018ba        0x2 
 .eh_frame      0x080018bc        0x0 /usr/lib/gcc/arm-none-eabi/13.2.1/thumb/v7e-m+fp/hard/crtbegin.o
 *(.init)
 .init          0x080018bc        0x4 /usr/lib/gcc/arm-none-eabi/13.2.1/thumb/v7e-m+fp/hard/crti.o
                0x080018bc                _init
 .init          0x080018c0        0x8 /usr/lib/gcc/arm-none-eabi/13.2.1/thumb/v7e-m+fp/hard/crtn.o
 *(.fini)
 .fini          0x080018c8        0x4 /usr/lib/gcc/arm-none-eabi/13.2.1/thumb/v7e-m+fp/hard/crti.o
                0x080018c8                _fini
 .fini          0x080018cc        0x8 /usr/lib/gcc/arm-none-eabi/13.2.1/thumb/v7e-m+fp/hard/crtn.o
                0x080018d4                        . = ALIGN (0x4)
                0x080018d4                        _etext = .

.vfp11_veneer   0x080018d4        0x0
 .vfp11_veneer  0x080018d4        0x0 linker stubs

.v4_bx          0x080018d4        0x0
 .v4_bx         0x080018d4        0x0 linker stubs

.iplt           0x080018d4        0x0
 .iplt          0x080018d4        0x0 /usr/lib/gcc/arm-none-eabi/13.2.1/thumb/v7e-m+fp/hard/crtbegin.o

.rodata         0x080018d4       0x18
                0x080018d4                        . = ALIGN (0x4)
 *(.rodata)
 *(.rodata*)
 .rodata.APBPrescTable
                0x080018d4        0x8 build/debug/system_stm32f4xx.o
                0x080018d4                APBPrescTable
 .rodata.AHBPrescTable
                0x080018dc       0x10 build/debug/system_stm32f4xx.o
                0x080018dc                AHBPrescTable
                0x080018ec                        . = ALIGN (0x4)

.ARM.extab      0x080018ec        0x0
                0x080018ec                        . = ALIGN (0x4)
 *(.ARM.extab* .gnu.linkonce.armextab.*)
                0x080018ec                        . = ALIGN (0x4)

.ARM            0x080018ec        0x8
                0x080018ec                        . = ALIGN (0x4)
                0x080018ec                        __exidx_start = .
 *(.ARM.exidx*)
 .ARM.exidx     0x080018ec        0x8 /usr/lib/gcc/arm-none-eabi/13.2.1/thumb/v7e-m+fp/hard/libgcc.a(_udivmoddi4.o)
                0x080018f4                        __exidx_end = .
                0x080018f4                        . = ALIGN (0x4)

.preinit_array  0x080018f4        0x0
                0x080018f4                        . = ALIGN (0x4)
                0x080018f4                        PROVIDE (__preinit_array_start = .)
 *(.preinit_array*)
                0x080018f4                        PROVIDE (__preinit_array_end = .)
                0x080018f4                        . = ALIGN (0x4)

.init_array     0x080018f4        0x4
                0x080018f4                        . = ALIGN (0x4)
                0x080018f4                        PROVIDE (__init_array_start = .)
 *(SORT_BY_NAME(.init_array.*))
 *(.init_array*)
 .init_array    0x080018f4        0x4 /usr/lib/gcc/arm-none-eabi/13.2.1/thumb/v7e-m+fp/hard/crtbegin.o
                0x080018f8                        PROVIDE (__init_array_end = .)
                0x080018f8                        . = ALIGN (0x4)

.fini_array     0x080018f8        0x4
                0x080018f8                        . = ALIGN (0x4)
                0x080018f8                        PROVIDE (__fini_array_start = .)
 *(SORT_BY_NAME(.fini_array.*))
 *(.fini_array*)
 .fini_array    0x080018f8        0x4 /usr/lib/gcc/arm-none-eabi/13.2.1/thumb/v7e-m+fp/hard/crtbegin.o
                0x080018fc                        PROVIDE (__fini_array_end = .)
                0x080018fc                        . = ALIGN (0x4)
                0x080018fc                        _sidata = LOADADDR (.data)

.rel.dyn        0x080018fc        0x0
 .rel.iplt      0x080018fc        0x0 /usr/lib/gcc/arm-none-eabi/13.2.1/thumb/v7e-m+fp/hard/crtbegin.o

.data           0x20000000        0xc load address 0x080018fc
                0x20000000                        . = ALIGN (0x4)
                0x20000000                        _sdata = .
 *(.data)
 *(.data*)
 .data.uwTickFreq
                0x20000000        0x1 build/debug/stm32f4xx_hal.o
                0x20000000                uwTickFreq
 *fill*         0x20000001        0x3 
 .data.uwTickPrio
                0x20000004        0x4 build/debug/stm32f4xx_hal.o
                0x20000004                uwTickPrio
 .data.SystemCoreClock
                0x20000008        0x4 build/debug/system_stm32f4xx.o
                0x20000008                SystemCoreClock
 *(.RamFunc)
 *(.RamFunc*)
                0x2000000c                        . = ALIGN (0x4)
                0x2000000c                        _edata = .
                0x08001908                        _siccmram = LOADADDR (.ccmram)

.tm_clone_table
                0x2000000c        0x0 load address 0x08001908
 .tm_clone_table
                0x2000000c        0x0 /usr/lib/gcc/arm-none-eabi/13.2.1/thumb/v7e-m+fp/hard/crtbegin.o
 .tm_clone_table
                0x2000000c        0x0 /usr/lib/gcc/arm-none-eabi/13.2.1/thumb/v7e-m+fp/hard/crtend.o

.igot.plt       0x2000000c        0x0 load address 0x08001908
 .igot.plt      0x2000000c        0x0 /usr/lib/gcc/arm-none-eabi/13.2.1/thumb/v7e-m+fp/hard/crtbegin.o

.ccmram         0x10000000        0x0 load address 0x08001908
                0x10000000                        . = ALIGN (0x4)
                0x10000000                        _sccmram = .
 *(.ccmram)
 *(.ccmram*)
                0x10000000                        . = ALIGN (0x4)
                0x10000000                        _eccmram = .
                0x10000000                        . = ALIGN (0x4)

.bss            0x2000000c      0x188
                0x2000000c                        _sbss = .
                0x2000000c                        __bss_start__ = _sbss
 *(.bss)
 .bss           0x2000000c       0x1c /usr/lib/gcc/arm-none-eabi/13.2.1/thumb/v7e-m+fp/hard/crtbegin.o
 *(.bss*)
 .bss.hcan1     0x20000028       0x28 build/debug/can.o
                0x20000028                hcan1
 .bss.hspi2     0x20000050       0x58 build/debug/spi.o
                0x20000050                hspi2
 .bss.hspi1     0x200000a8       0x58 build/debug/spi.o
                0x200000a8                hspi1
 .bss.uwTick    0x20000100        0x4 build/debug/stm32f4xx_hal.o
                0x20000100                uwTick
 .bss.huart2    0x20000104       0x48 build/debug/usart.o
                0x20000104                huart2
 .bss.huart1    0x2000014c       0x48 build/debug/usart.o
                0x2000014c                huart1
 *(COMMON)
                0x20000194                        . = ALIGN (0x4)
                0x20000194                        _ebss = .
                0x20000194                        __bss_end__ = _ebss

._user_heap_stack
                0x20000194      0x604
                0x20000198                        . = ALIGN (0x8)
 *fill*         0x20000194        0x4 
                [!provide]                        PROVIDE (end = .)
                0x20000198                        PROVIDE (_end = .)
                0x20000398                        . = (. + _Min_Heap_Size)
 *fill*         0x20000198      0x200 
                0x20000798                        . = (. + _Min_Stack_Size)
 *fill*         0x20000398      0x400 
                0x20000798                        . = ALIGN (0x8)

/DISCARD/
 libc.a(*)
 libm.a(*)
 libgcc.a(*)
OUTPUT(build/debug/sensor_measurement_card.elf elf32-littlearm)
LOAD linker stubs
LOAD /usr/lib/gcc/arm-none-eabi/13.2.1/../../../arm-none-eabi/lib/thumb/v7e-m+fp/hard/libc.a
LOAD /usr/lib/gcc/arm-none-eabi/13.2.1/../../../arm-none-eabi/lib/thumb/v7e-m+fp/hard/libm.a
LOAD /usr/lib/gcc/arm-none-eabi/13.2.1/thumb/v7e-m+fp/hard/libgcc.a

.ARM.attributes
                0x00000000       0x30
 .ARM.attributes
                0x00000000       0x22 /usr/lib/gcc/arm-none-eabi/13.2.1/thumb/v7e-m+fp/hard/crti.o
 .ARM.attributes
                0x00000022       0x34 /usr/lib/gcc/arm-none-eabi/13.2.1/thumb/v7e-m+fp/hard/crtbegin.o
 .ARM.attributes
                0x00000056       0x34 build/debug/can.o
 .ARM.attributes
                0x0000008a       0x34 build/debug/gpio.o
 .ARM.attributes
                0x000000be       0x34 build/debug/main.o
 .ARM.attributes
                0x000000f2       0x34 build/debug/spi.o
 .ARM.attributes
                0x00000126       0x34 build/debug/stm32f4xx_hal.o
 .ARM.attributes
                0x0000015a       0x34 build/debug/stm32f4xx_hal_can.o
 .ARM.attributes
                0x0000018e       0x34 build/debug/stm32f4xx_hal_cortex.o
 .ARM.attributes
                0x000001c2       0x34 build/debug/stm32f4xx_hal_gpio.o
 .ARM.attributes
                0x000001f6       0x34 build/debug/stm32f4xx_hal_msp.o
 .ARM.attributes
                0x0000022a       0x34 build/debug/stm32f4xx_hal_rcc.o
 .ARM.attributes
                0x0000025e       0x34 build/debug/stm32f4xx_hal_spi.o
 .ARM.attributes
                0x00000292       0x34 build/debug/stm32f4xx_hal_uart.o
 .ARM.attributes
                0x000002c6       0x34 build/debug/stm32f4xx_it.o
 .ARM.attributes
                0x000002fa       0x34 build/debug/system_stm32f4xx.o
 .ARM.attributes
                0x0000032e       0x34 build/debug/usart.o
 .ARM.attributes
                0x00000362       0x21 build/debug/startup_stm32f405xx.o
 .ARM.attributes
                0x00000383       0x34 /usr/lib/gcc/arm-none-eabi/13.2.1/../../../arm-none-eabi/lib/thumb/v7e-m+fp/hard/libc_nano.a(libc_a-init.o)
 .ARM.attributes
                0x000003b7       0x34 /usr/lib/gcc/arm-none-eabi/13.2.1/../../../arm-none-eabi/lib/thumb/v7e-m+fp/hard/libc_nano.a(libc_a-memset.o)
 .ARM.attributes
                0x000003eb       0x22 /usr/lib/gcc/arm-none-eabi/13.2.1/thumb/v7e-m+fp/hard/libgcc.a(_aeabi_uldivmod.o)
 .ARM.attributes
                0x0000040d       0x34 /usr/lib/gcc/arm-none-eabi/13.2.1/thumb/v7e-m+fp/hard/libgcc.a(_udivmoddi4.o)
 .ARM.attributes
                0x00000441       0x22 /usr/lib/gcc/arm-none-eabi/13.2.1/thumb/v7e-m+fp/hard/libgcc.a(_dvmd_tls.o)
 .ARM.attributes
                0x00000463       0x34 /usr/lib/gcc/arm-none-eabi/13.2.1/thumb/v7e-m+fp/hard/crtend.o
 .ARM.attributes
                0x00000497       0x22 /usr/lib/gcc/arm-none-eabi/13.2.1/thumb/v7e-m+fp/hard/crtn.o

.comment        0x00000000       0x26
 .comment       0x00000000       0x26 /usr/lib/gcc/arm-none-eabi/13.2.1/thumb/v7e-m+fp/hard/crtbegin.o
                                 0x27 (size before relaxing)
 .comment       0x00000026       0x27 build/debug/can.o
 .comment       0x00000026       0x27 build/debug/gpio.o
 .comment       0x00000026       0x27 build/debug/main.o
 .comment       0x00000026       0x27 build/debug/spi.o
 .comment       0x00000026       0x27 build/debug/stm32f4xx_hal.o
 .comment       0x00000026       0x27 build/debug/stm32f4xx_hal_can.o
 .comment       0x00000026       0x27 build/debug/stm32f4xx_hal_cortex.o
 .comment       0x00000026       0x27 build/debug/stm32f4xx_hal_gpio.o
 .comment       0x00000026       0x27 build/debug/stm32f4xx_hal_msp.o
 .comment       0x00000026       0x27 build/debug/stm32f4xx_hal_rcc.o
 .comment       0x00000026       0x27 build/debug/stm32f4xx_hal_spi.o
 .comment       0x00000026       0x27 build/debug/stm32f4xx_hal_uart.o
 .comment       0x00000026       0x27 build/debug/stm32f4xx_it.o
 .comment       0x00000026       0x27 build/debug/system_stm32f4xx.o
 .comment       0x00000026       0x27 build/debug/usart.o
 .comment       0x00000026       0x27 /usr/lib/gcc/arm-none-eabi/13.2.1/../../../arm-none-eabi/lib/thumb/v7e-m+fp/hard/libc_nano.a(libc_a-init.o)
 .comment       0x00000026       0x27 /usr/lib/gcc/arm-none-eabi/13.2.1/../../../arm-none-eabi/lib/thumb/v7e-m+fp/hard/libc_nano.a(libc_a-memset.o)
 .comment       0x00000026       0x27 /usr/lib/gcc/arm-none-eabi/13.2.1/thumb/v7e-m+fp/hard/libgcc.a(_udivmoddi4.o)
 .comment       0x00000026       0x27 /usr/lib/gcc/arm-none-eabi/13.2.1/thumb/v7e-m+fp/hard/crtend.o

.debug_info     0x00000000     0xd22c
 .debug_info    0x00000000      0x880 build/debug/can.o
 .debug_info    0x00000880      0x426 build/debug/gpio.o
 .debug_info    0x00000ca6      0x578 build/debug/main.o
 .debug_info    0x0000121e      0xa95 build/debug/spi.o
 .debug_info    0x00001cb3      0x9c4 build/debug/stm32f4xx_hal.o
 .debug_info    0x00002677     0x11df build/debug/stm32f4xx_hal_can.o
 .debug_info    0x00003856      0xfbf build/debug/stm32f4xx_hal_cortex.o
 .debug_info    0x00004815      0x6e0 build/debug/stm32f4xx_hal_gpio.o
 .debug_info    0x00004ef5      0x259 build/debug/stm32f4xx_hal_msp.o
 .debug_info    0x0000514e      0xa51 build/debug/stm32f4xx_hal_rcc.o
 .debug_info    0x00005b9f     0x1ca8 build/debug/stm32f4xx_hal_spi.o
 .debug_info    0x00007847     0x3fe8 build/debug/stm32f4xx_hal_uart.o
 .debug_info    0x0000b82f      0x11c build/debug/stm32f4xx_it.o
 .debug_info    0x0000b94b      0x50d build/debug/system_stm32f4xx.o
 .debug_info    0x0000be58      0xa0f build/debug/usart.o
 .debug_info    0x0000c867       0x30 build/debug/startup_stm32f405xx.o
 .debug_info    0x0000c897      0x10b /usr/lib/gcc/arm-none-eabi/13.2.1/../../../arm-none-eabi/lib/thumb/v7e-m+fp/hard/libc_nano.a(libc_a-init.o)
 .debug_info    0x0000c9a2      0x135 /usr/lib/gcc/arm-none-eabi/13.2.1/../../../arm-none-eabi/lib/thumb/v7e-m+fp/hard/libc_nano.a(libc_a-memset.o)
 .debug_info    0x0000cad7       0x24 /usr/lib/gcc/arm-none-eabi/13.2.1/thumb/v7e-m+fp/hard/libgcc.a(_aeabi_uldivmod.o)
 .debug_info    0x0000cafb      0x6f5 /usr/lib/gcc/arm-none-eabi/13.2.1/thumb/v7e-m+fp/hard/libgcc.a(_udivmoddi4.o)
 .debug_info    0x0000d1f0       0x3c /usr/lib/gcc/arm-none-eabi/13.2.1/thumb/v7e-m+fp/hard/libgcc.a(_dvmd_tls.o)

.debug_abbrev   0x00000000     0x220d
 .debug_abbrev  0x00000000      0x21f build/debug/can.o
 .debug_abbrev  0x0000021f      0x164 build/debug/gpio.o
 .debug_abbrev  0x00000383      0x1ef build/debug/main.o
 .debug_abbrev  0x00000572      0x21c build/debug/spi.o
 .debug_abbrev  0x0000078e      0x240 build/debug/stm32f4xx_hal.o
 .debug_abbrev  0x000009ce      0x279 build/debug/stm32f4xx_hal_can.o
 .debug_abbrev  0x00000c47      0x391 build/debug/stm32f4xx_hal_cortex.o
 .debug_abbrev  0x00000fd8      0x202 build/debug/stm32f4xx_hal_gpio.o
 .debug_abbrev  0x000011da       0xd6 build/debug/stm32f4xx_hal_msp.o
 .debug_abbrev  0x000012b0      0x2c7 build/debug/stm32f4xx_hal_rcc.o
 .debug_abbrev  0x00001577      0x272 build/debug/stm32f4xx_hal_spi.o
 .debug_abbrev  0x000017e9      0x326 build/debug/stm32f4xx_hal_uart.o
 .debug_abbrev  0x00001b0f       0x7c build/debug/stm32f4xx_it.o
 .debug_abbrev  0x00001b8b      0x11f build/debug/system_stm32f4xx.o
 .debug_abbrev  0x00001caa      0x21b build/debug/usart.o
 .debug_abbrev  0x00001ec5       0x24 build/debug/startup_stm32f405xx.o
 .debug_abbrev  0x00001ee9       0xc9 /usr/lib/gcc/arm-none-eabi/13.2.1/../../../arm-none-eabi/lib/thumb/v7e-m+fp/hard/libc_nano.a(libc_a-init.o)
 .debug_abbrev  0x00001fb2       0xb7 /usr/lib/gcc/arm-none-eabi/13.2.1/../../../arm-none-eabi/lib/thumb/v7e-m+fp/hard/libc_nano.a(libc_a-memset.o)
 .debug_abbrev  0x00002069       0x14 /usr/lib/gcc/arm-none-eabi/13.2.1/thumb/v7e-m+fp/hard/libgcc.a(_aeabi_uldivmod.o)
 .debug_abbrev  0x0000207d      0x16a /usr/lib/gcc/arm-none-eabi/13.2.1/thumb/v7e-m+fp/hard/libgcc.a(_udivmoddi4.o)
 .debug_abbrev  0x000021e7       0x26 /usr/lib/gcc/arm-none-eabi/13.2.1/thumb/v7e-m+fp/hard/libgcc.a(_dvmd_tls.o)

.debug_loclists
                0x00000000     0x67a4
 .debug_loclists
                0x00000000       0x74 build/debug/can.o
 .debug_loclists
                0x00000074       0xa5 build/debug/spi.o
 .debug_loclists
                0x00000119       0xe1 build/debug/stm32f4xx_hal.o
 .debug_loclists
                0x000001fa      0xa25 build/debug/stm32f4xx_hal_can.o
 .debug_loclists
                0x00000c1f      0x54d build/debug/stm32f4xx_hal_cortex.o
 .debug_loclists
                0x0000116c      0x386 build/debug/stm32f4xx_hal_gpio.o
 .debug_loclists
                0x000014f2      0x3e5 build/debug/stm32f4xx_hal_rcc.o
 .debug_loclists
                0x000018d7     0x14f7 build/debug/stm32f4xx_hal_spi.o
 .debug_loclists
                0x00002dce     0x2cad build/debug/stm32f4xx_hal_uart.o
 .debug_loclists
                0x00005a7b       0x79 build/debug/system_stm32f4xx.o
 .debug_loclists
                0x00005af4       0xa5 build/debug/usart.o
 .debug_loclists
                0x00005b99       0x65 /usr/lib/gcc/arm-none-eabi/13.2.1/../../../arm-none-eabi/lib/thumb/v7e-m+fp/hard/libc_nano.a(libc_a-init.o)
 .debug_loclists
                0x00005bfe      0x1c2 /usr/lib/gcc/arm-none-eabi/13.2.1/../../../arm-none-eabi/lib/thumb/v7e-m+fp/hard/libc_nano.a(libc_a-memset.o)
 .debug_loclists
                0x00005dc0      0x9e4 /usr/lib/gcc/arm-none-eabi/13.2.1/thumb/v7e-m+fp/hard/libgcc.a(_udivmoddi4.o)

.debug_aranges  0x00000000      0xa38
 .debug_aranges
                0x00000000       0x30 build/debug/can.o
 .debug_aranges
                0x00000030       0x20 build/debug/gpio.o
 .debug_aranges
                0x00000050       0x30 build/debug/main.o
 .debug_aranges
                0x00000080       0x38 build/debug/spi.o
 .debug_aranges
                0x000000b8       0xf0 build/debug/stm32f4xx_hal.o
 .debug_aranges
                0x000001a8      0x138 build/debug/stm32f4xx_hal_can.o
 .debug_aranges
                0x000002e0       0xf8 build/debug/stm32f4xx_hal_cortex.o
 .debug_aranges
                0x000003d8       0x58 build/debug/stm32f4xx_hal_gpio.o
 .debug_aranges
                0x00000430       0x20 build/debug/stm32f4xx_hal_msp.o
 .debug_aranges
                0x00000450       0x88 build/debug/stm32f4xx_hal_rcc.o
 .debug_aranges
                0x000004d8      0x1d0 build/debug/stm32f4xx_hal_spi.o
 .debug_aranges
                0x000006a8      0x208 build/debug/stm32f4xx_hal_uart.o
 .debug_aranges
                0x000008b0       0x60 build/debug/stm32f4xx_it.o
 .debug_aranges
                0x00000910       0x28 build/debug/system_stm32f4xx.o
 .debug_aranges
                0x00000938       0x38 build/debug/usart.o
 .debug_aranges
                0x00000970       0x28 build/debug/startup_stm32f405xx.o
 .debug_aranges
                0x00000998       0x20 /usr/lib/gcc/arm-none-eabi/13.2.1/../../../arm-none-eabi/lib/thumb/v7e-m+fp/hard/libc_nano.a(libc_a-init.o)
 .debug_aranges
                0x000009b8       0x20 /usr/lib/gcc/arm-none-eabi/13.2.1/../../../arm-none-eabi/lib/thumb/v7e-m+fp/hard/libc_nano.a(libc_a-memset.o)
 .debug_aranges
                0x000009d8       0x20 /usr/lib/gcc/arm-none-eabi/13.2.1/thumb/v7e-m+fp/hard/libgcc.a(_aeabi_uldivmod.o)
 .debug_aranges
                0x000009f8       0x20 /usr/lib/gcc/arm-none-eabi/13.2.1/thumb/v7e-m+fp/hard/libgcc.a(_udivmoddi4.o)
 .debug_aranges
                0x00000a18       0x20 /usr/lib/gcc/arm-none-eabi/13.2.1/thumb/v7e-m+fp/hard/libgcc.a(_dvmd_tls.o)

.debug_rnglists
                0x00000000      0x7b9
 .debug_rnglists
                0x00000000       0x1f build/debug/can.o
 .debug_rnglists
                0x0000001f       0x14 build/debug/gpio.o
 .debug_rnglists
                0x00000033       0x20 build/debug/main.o
 .debug_rnglists
                0x00000053       0x26 build/debug/spi.o
 .debug_rnglists
                0x00000079       0xaf build/debug/stm32f4xx_hal.o
 .debug_rnglists
                0x00000128       0xf6 build/debug/stm32f4xx_hal_can.o
 .debug_rnglists
                0x0000021e       0xb5 build/debug/stm32f4xx_hal_cortex.o
 .debug_rnglists
                0x000002d3       0x3f build/debug/stm32f4xx_hal_gpio.o
 .debug_rnglists
                0x00000312       0x13 build/debug/stm32f4xx_hal_msp.o
 .debug_rnglists
                0x00000325       0x75 build/debug/stm32f4xx_hal_rcc.o
 .debug_rnglists
                0x0000039a      0x16a build/debug/stm32f4xx_hal_spi.o
 .debug_rnglists
                0x00000504      0x195 build/debug/stm32f4xx_hal_uart.o
 .debug_rnglists
                0x00000699       0x43 build/debug/stm32f4xx_it.o
 .debug_rnglists
                0x000006dc       0x1a build/debug/system_stm32f4xx.o
 .debug_rnglists
                0x000006f6       0x26 build/debug/usart.o
 .debug_rnglists
                0x0000071c       0x19 build/debug/startup_stm32f405xx.o
 .debug_rnglists
                0x00000735       0x84 /usr/lib/gcc/arm-none-eabi/13.2.1/thumb/v7e-m+fp/hard/libgcc.a(_udivmoddi4.o)

.debug_line     0x00000000     0xa115
 .debug_line    0x00000000      0x253 build/debug/can.o
 .debug_line    0x00000253      0x133 build/debug/gpio.o
 .debug_line    0x00000386      0x28c build/debug/main.o
 .debug_line    0x00000612      0x36c build/debug/spi.o
 .debug_line    0x0000097e      0x4e2 build/debug/stm32f4xx_hal.o
 .debug_line    0x00000e60     0x10c6 build/debug/stm32f4xx_hal_can.o
 .debug_line    0x00001f26      0x7a5 build/debug/stm32f4xx_hal_cortex.o
 .debug_line    0x000026cb      0x670 build/debug/stm32f4xx_hal_gpio.o
 .debug_line    0x00002d3b       0xd1 build/debug/stm32f4xx_hal_msp.o
 .debug_line    0x00002e0c      0xb39 build/debug/stm32f4xx_hal_rcc.o
 .debug_line    0x00003945     0x23ec build/debug/stm32f4xx_hal_spi.o
 .debug_line    0x00005d31     0x348b build/debug/stm32f4xx_hal_uart.o
 .debug_line    0x000091bc      0x13d build/debug/stm32f4xx_it.o
 .debug_line    0x000092f9      0x1c9 build/debug/system_stm32f4xx.o
 .debug_line    0x000094c2      0x2fd build/debug/usart.o
 .debug_line    0x000097bf       0x76 build/debug/startup_stm32f405xx.o
 .debug_line    0x00009835      0x11e /usr/lib/gcc/arm-none-eabi/13.2.1/../../../arm-none-eabi/lib/thumb/v7e-m+fp/hard/libc_nano.a(libc_a-init.o)
 .debug_line    0x00009953      0x1b6 /usr/lib/gcc/arm-none-eabi/13.2.1/../../../arm-none-eabi/lib/thumb/v7e-m+fp/hard/libc_nano.a(libc_a-memset.o)
 .debug_line    0x00009b09       0x4e /usr/lib/gcc/arm-none-eabi/13.2.1/thumb/v7e-m+fp/hard/libgcc.a(_aeabi_uldivmod.o)
 .debug_line    0x00009b57      0x574 /usr/lib/gcc/arm-none-eabi/13.2.1/thumb/v7e-m+fp/hard/libgcc.a(_udivmoddi4.o)
 .debug_line    0x0000a0cb       0x4a /usr/lib/gcc/arm-none-eabi/13.2.1/thumb/v7e-m+fp/hard/libgcc.a(_dvmd_tls.o)

.debug_str      0x00000000     0x37ee
 .debug_str     0x00000000     0x37ee build/debug/can.o
                                0x614 (size before relaxing)
 .debug_str     0x000037ee      0x36f build/debug/gpio.o
 .debug_str     0x000037ee      0x4d3 build/debug/main.o
 .debug_str     0x000037ee      0x805 build/debug/spi.o
 .debug_str     0x000037ee      0xb43 build/debug/stm32f4xx_hal.o
 .debug_str     0x000037ee      0xa2b build/debug/stm32f4xx_hal_can.o
 .debug_str     0x000037ee      0xc40 build/debug/stm32f4xx_hal_cortex.o
 .debug_str     0x000037ee      0x4cb build/debug/stm32f4xx_hal_gpio.o
 .debug_str     0x000037ee      0x2bb build/debug/stm32f4xx_hal_msp.o
 .debug_str     0x000037ee      0x6e6 build/debug/stm32f4xx_hal_rcc.o
 .debug_str     0x000037ee      0xbdf build/debug/stm32f4xx_hal_spi.o
 .debug_str     0x000037ee      0xd7b build/debug/stm32f4xx_hal_uart.o
 .debug_str     0x000037ee      0x23a build/debug/stm32f4xx_it.o
 .debug_str     0x000037ee      0x36b build/debug/system_stm32f4xx.o
 .debug_str     0x000037ee      0x83c build/debug/usart.o
 .debug_str     0x000037ee       0x87 build/debug/startup_stm32f405xx.o
 .debug_str     0x000037ee      0x1fa /usr/lib/gcc/arm-none-eabi/13.2.1/../../../arm-none-eabi/lib/thumb/v7e-m+fp/hard/libc_nano.a(libc_a-init.o)
 .debug_str     0x000037ee      0x1ad /usr/lib/gcc/arm-none-eabi/13.2.1/../../../arm-none-eabi/lib/thumb/v7e-m+fp/hard/libc_nano.a(libc_a-memset.o)
 .debug_str     0x000037ee       0xa3 /usr/lib/gcc/arm-none-eabi/13.2.1/thumb/v7e-m+fp/hard/libgcc.a(_aeabi_uldivmod.o)
 .debug_str     0x000037ee      0x685 /usr/lib/gcc/arm-none-eabi/13.2.1/thumb/v7e-m+fp/hard/libgcc.a(_udivmoddi4.o)
 .debug_str     0x000037ee       0xc3 /usr/lib/gcc/arm-none-eabi/13.2.1/thumb/v7e-m+fp/hard/libgcc.a(_dvmd_tls.o)

.debug_frame    0x00000000     0x1864
 .debug_frame   0x00000000       0x60 build/debug/can.o
 .debug_frame   0x00000060       0x30 build/debug/gpio.o
 .debug_frame   0x00000090       0x58 build/debug/main.o
 .debug_frame   0x000000e8       0x80 build/debug/spi.o
 .debug_frame   0x00000168      0x1ec build/debug/stm32f4xx_hal.o
 .debug_frame   0x00000354      0x2d8 build/debug/stm32f4xx_hal_can.o
 .debug_frame   0x0000062c      0x214 build/debug/stm32f4xx_hal_cortex.o
 .debug_frame   0x00000840       0xd8 build/debug/stm32f4xx_hal_gpio.o
 .debug_frame   0x00000918       0x28 build/debug/stm32f4xx_hal_msp.o
 .debug_frame   0x00000940      0x16c build/debug/stm32f4xx_hal_rcc.o
 .debug_frame   0x00000aac      0x5d0 build/debug/stm32f4xx_hal_spi.o
 .debug_frame   0x0000107c      0x5e0 build/debug/stm32f4xx_hal_uart.o
 .debug_frame   0x0000165c       0xa8 build/debug/stm32f4xx_it.o
 .debug_frame   0x00001704       0x30 build/debug/system_stm32f4xx.o
 .debug_frame   0x00001734       0x78 build/debug/usart.o
 .debug_frame   0x000017ac       0x2c /usr/lib/gcc/arm-none-eabi/13.2.1/../../../arm-none-eabi/lib/thumb/v7e-m+fp/hard/libc_nano.a(libc_a-init.o)
 .debug_frame   0x000017d8       0x2c /usr/lib/gcc/arm-none-eabi/13.2.1/../../../arm-none-eabi/lib/thumb/v7e-m+fp/hard/libc_nano.a(libc_a-memset.o)
 .debug_frame   0x00001804       0x2c /usr/lib/gcc/arm-none-eabi/13.2.1/thumb/v7e-m+fp/hard/libgcc.a(_aeabi_uldivmod.o)
 .debug_frame   0x00001830       0x34 /usr/lib/gcc/arm-none-eabi/13.2.1/thumb/v7e-m+fp/hard/libgcc.a(_udivmoddi4.o)

.debug_line_str
                0x00000000      0x110
 .debug_line_str
                0x00000000      0x110 build/debug/startup_stm32f405xx.o
                                 0x6d (size before relaxing)
 .debug_line_str
                0x00000110       0x97 /usr/lib/gcc/arm-none-eabi/13.2.1/thumb/v7e-m+fp/hard/libgcc.a(_aeabi_uldivmod.o)
 .debug_line_str
                0x00000110       0x9b /usr/lib/gcc/arm-none-eabi/13.2.1/thumb/v7e-m+fp/hard/libgcc.a(_dvmd_tls.o)

Cross Reference Table

Symbol                                            File
ADC_IRQHandler                                    build/debug/startup_stm32f405xx.o
AHBPrescTable                                     build/debug/system_stm32f4xx.o
                                                  build/debug/stm32f4xx_hal_rcc.o
APBPrescTable                                     build/debug/system_stm32f4xx.o
                                                  build/debug/stm32f4xx_hal_rcc.o
BusFault_Handler                                  build/debug/stm32f4xx_it.o
CAN1_RX0_IRQHandler                               build/debug/startup_stm32f405xx.o
CAN1_RX1_IRQHandler                               build/debug/startup_stm32f405xx.o
CAN1_SCE_IRQHandler                               build/debug/startup_stm32f405xx.o
CAN1_TX_IRQHandler                                build/debug/startup_stm32f405xx.o
CAN2_RX0_IRQHandler                               build/debug/startup_stm32f405xx.o
CAN2_RX1_IRQHandler                               build/debug/startup_stm32f405xx.o
CAN2_SCE_IRQHandler                               build/debug/startup_stm32f405xx.o
CAN2_TX_IRQHandler                                build/debug/startup_stm32f405xx.o
DMA1_Stream0_IRQHandler                           build/debug/startup_stm32f405xx.o
DMA1_Stream1_IRQHandler                           build/debug/startup_stm32f405xx.o
DMA1_Stream2_IRQHandler                           build/debug/startup_stm32f405xx.o
DMA1_Stream3_IRQHandler                           build/debug/startup_stm32f405xx.o
DMA1_Stream4_IRQHandler                           build/debug/startup_stm32f405xx.o
DMA1_Stream5_IRQHandler                           build/debug/startup_stm32f405xx.o
DMA1_Stream6_IRQHandler                           build/debug/startup_stm32f405xx.o
DMA1_Stream7_IRQHandler                           build/debug/startup_stm32f405xx.o
DMA2_Stream0_IRQHandler                           build/debug/startup_stm32f405xx.o
DMA2_Stream1_IRQHandler                           build/debug/startup_stm32f405xx.o
DMA2_Stream2_IRQHandler                           build/debug/startup_stm32f405xx.o
DMA2_Stream3_IRQHandler                           build/debug/startup_stm32f405xx.o
DMA2_Stream4_IRQHandler                           build/debug/startup_stm32f405xx.o
DMA2_Stream5_IRQHandler                           build/debug/startup_stm32f405xx.o
DMA2_Stream6_IRQHandler                           build/debug/startup_stm32f405xx.o
DMA2_Stream7_IRQHandler                           build/debug/startup_stm32f405xx.o
DebugMon_Handler                                  build/debug/stm32f4xx_it.o
Default_Handler                                   build/debug/startup_stm32f405xx.o
EXTI0_IRQHandler                                  build/debug/startup_stm32f405xx.o
EXTI15_10_IRQHandler                              build/debug/startup_stm32f405xx.o
EXTI1_IRQHandler                                  build/debug/startup_stm32f405xx.o
EXTI2_IRQHandler                                  build/debug/startup_stm32f405xx.o
EXTI3_IRQHandler                                  build/debug/startup_stm32f405xx.o
EXTI4_IRQHandler                                  build/debug/startup_stm32f405xx.o
EXTI9_5_IRQHandler                                build/debug/startup_stm32f405xx.o
Error_Handler                                     build/debug/main.o
                                                  build/debug/usart.o
                                                  build/debug/spi.o
                                                  build/debug/can.o
FLASH_Erase_Sector                                build/debug/stm32f4xx_hal_flash_ex.o
                                                  build/debug/stm32f4xx_hal_flash.o
FLASH_FlushCaches                                 build/debug/stm32f4xx_hal_flash_ex.o
                                                  build/debug/stm32f4xx_hal_flash.o
FLASH_IRQHandler                                  build/debug/startup_stm32f405xx.o
FLASH_WaitForLastOperation                        build/debug/stm32f4xx_hal_flash.o
                                                  build/debug/stm32f4xx_hal_flash_ex.o
FPU_IRQHandler                                    build/debug/startup_stm32f405xx.o
FSMC_IRQHandler                                   build/debug/startup_stm32f405xx.o
HAL_CAN_AbortTxRequest                            build/debug/stm32f4xx_hal_can.o
HAL_CAN_ActivateNotification                      build/debug/stm32f4xx_hal_can.o
HAL_CAN_AddTxMessage                              build/debug/stm32f4xx_hal_can.o
HAL_CAN_ConfigFilter                              build/debug/stm32f4xx_hal_can.o
HAL_CAN_DeInit                                    build/debug/stm32f4xx_hal_can.o
HAL_CAN_DeactivateNotification                    build/debug/stm32f4xx_hal_can.o
HAL_CAN_ErrorCallback                             build/debug/stm32f4xx_hal_can.o
HAL_CAN_GetError                                  build/debug/stm32f4xx_hal_can.o
HAL_CAN_GetRxFifoFillLevel                        build/debug/stm32f4xx_hal_can.o
HAL_CAN_GetRxMessage                              build/debug/stm32f4xx_hal_can.o
HAL_CAN_GetState                                  build/debug/stm32f4xx_hal_can.o
HAL_CAN_GetTxMailboxesFreeLevel                   build/debug/stm32f4xx_hal_can.o
HAL_CAN_GetTxTimestamp                            build/debug/stm32f4xx_hal_can.o
HAL_CAN_IRQHandler                                build/debug/stm32f4xx_hal_can.o
HAL_CAN_Init                                      build/debug/stm32f4xx_hal_can.o
                                                  build/debug/can.o
HAL_CAN_IsSleepActive                             build/debug/stm32f4xx_hal_can.o
HAL_CAN_IsTxMessagePending                        build/debug/stm32f4xx_hal_can.o
HAL_CAN_MspDeInit                                 build/debug/can.o
HAL_CAN_MspInit                                   build/debug/can.o
HAL_CAN_RequestSleep                              build/debug/stm32f4xx_hal_can.o
HAL_CAN_ResetError                                build/debug/stm32f4xx_hal_can.o
HAL_CAN_RxFifo0FullCallback                       build/debug/stm32f4xx_hal_can.o
HAL_CAN_RxFifo0MsgPendingCallback                 build/debug/stm32f4xx_hal_can.o
HAL_CAN_RxFifo1FullCallback                       build/debug/stm32f4xx_hal_can.o
HAL_CAN_RxFifo1MsgPendingCallback                 build/debug/stm32f4xx_hal_can.o
HAL_CAN_SleepCallback                             build/debug/stm32f4xx_hal_can.o
HAL_CAN_Start                                     build/debug/stm32f4xx_hal_can.o
HAL_CAN_Stop                                      build/debug/stm32f4xx_hal_can.o
HAL_CAN_TxMailbox0AbortCallback                   build/debug/stm32f4xx_hal_can.o
HAL_CAN_TxMailbox0CompleteCallback                build/debug/stm32f4xx_hal_can.o
HAL_CAN_TxMailbox1AbortCallback                   build/debug/stm32f4xx_hal_can.o
HAL_CAN_TxMailbox1CompleteCallback                build/debug/stm32f4xx_hal_can.o
HAL_CAN_TxMailbox2AbortCallback                   build/debug/stm32f4xx_hal_can.o
HAL_CAN_TxMailbox2CompleteCallback                build/debug/stm32f4xx_hal_can.o
HAL_CAN_WakeUp                                    build/debug/stm32f4xx_hal_can.o
HAL_CAN_WakeUpFromRxMsgCallback                   build/debug/stm32f4xx_hal_can.o
HAL_CORTEX_ClearEvent                             build/debug/stm32f4xx_hal_cortex.o
HAL_DBGMCU_DisableDBGSleepMode                    build/debug/stm32f4xx_hal.o
HAL_DBGMCU_DisableDBGStandbyMode                  build/debug/stm32f4xx_hal.o
HAL_DBGMCU_DisableDBGStopMode                     build/debug/stm32f4xx_hal.o
HAL_DBGMCU_EnableDBGSleepMode                     build/debug/stm32f4xx_hal.o
HAL_DBGMCU_EnableDBGStandbyMode                   build/debug/stm32f4xx_hal.o
HAL_DBGMCU_EnableDBGStopMode                      build/debug/stm32f4xx_hal.o
HAL_DMAEx_ChangeMemory                            build/debug/stm32f4xx_hal_dma_ex.o
HAL_DMAEx_MultiBufferStart                        build/debug/stm32f4xx_hal_dma_ex.o
HAL_DMAEx_MultiBufferStart_IT                     build/debug/stm32f4xx_hal_dma_ex.o
HAL_DMA_Abort                                     build/debug/stm32f4xx_hal_dma.o
                                                  build/debug/stm32f4xx_hal_uart.o
                                                  build/debug/stm32f4xx_hal_spi.o
HAL_DMA_Abort_IT                                  build/debug/stm32f4xx_hal_dma.o
                                                  build/debug/stm32f4xx_hal_uart.o
                                                  build/debug/stm32f4xx_hal_spi.o
HAL_DMA_DeInit                                    build/debug/stm32f4xx_hal_dma.o
HAL_DMA_GetError                                  build/debug/stm32f4xx_hal_dma.o
                                                  build/debug/stm32f4xx_hal_uart.o
HAL_DMA_GetState                                  build/debug/stm32f4xx_hal_dma.o
HAL_DMA_IRQHandler                                build/debug/stm32f4xx_hal_dma.o
HAL_DMA_Init                                      build/debug/stm32f4xx_hal_dma.o
HAL_DMA_PollForTransfer                           build/debug/stm32f4xx_hal_dma.o
HAL_DMA_RegisterCallback                          build/debug/stm32f4xx_hal_dma.o
HAL_DMA_Start                                     build/debug/stm32f4xx_hal_dma.o
HAL_DMA_Start_IT                                  build/debug/stm32f4xx_hal_dma.o
                                                  build/debug/stm32f4xx_hal_uart.o
                                                  build/debug/stm32f4xx_hal_spi.o
HAL_DMA_UnRegisterCallback                        build/debug/stm32f4xx_hal_dma.o
HAL_DeInit                                        build/debug/stm32f4xx_hal.o
HAL_Delay                                         build/debug/stm32f4xx_hal.o
HAL_DisableCompensationCell                       build/debug/stm32f4xx_hal.o
HAL_EXTI_ClearConfigLine                          build/debug/stm32f4xx_hal_exti.o
HAL_EXTI_ClearPending                             build/debug/stm32f4xx_hal_exti.o
HAL_EXTI_GenerateSWI                              build/debug/stm32f4xx_hal_exti.o
HAL_EXTI_GetConfigLine                            build/debug/stm32f4xx_hal_exti.o
HAL_EXTI_GetHandle                                build/debug/stm32f4xx_hal_exti.o
HAL_EXTI_GetPending                               build/debug/stm32f4xx_hal_exti.o
HAL_EXTI_IRQHandler                               build/debug/stm32f4xx_hal_exti.o
HAL_EXTI_RegisterCallback                         build/debug/stm32f4xx_hal_exti.o
HAL_EXTI_SetConfigLine                            build/debug/stm32f4xx_hal_exti.o
HAL_EnableCompensationCell                        build/debug/stm32f4xx_hal.o
HAL_FLASHEx_Erase                                 build/debug/stm32f4xx_hal_flash_ex.o
HAL_FLASHEx_Erase_IT                              build/debug/stm32f4xx_hal_flash_ex.o
HAL_FLASHEx_OBGetConfig                           build/debug/stm32f4xx_hal_flash_ex.o
HAL_FLASHEx_OBProgram                             build/debug/stm32f4xx_hal_flash_ex.o
HAL_FLASH_EndOfOperationCallback                  build/debug/stm32f4xx_hal_flash.o
HAL_FLASH_GetError                                build/debug/stm32f4xx_hal_flash.o
HAL_FLASH_IRQHandler                              build/debug/stm32f4xx_hal_flash.o
HAL_FLASH_Lock                                    build/debug/stm32f4xx_hal_flash.o
HAL_FLASH_OB_Launch                               build/debug/stm32f4xx_hal_flash.o
HAL_FLASH_OB_Lock                                 build/debug/stm32f4xx_hal_flash.o
HAL_FLASH_OB_Unlock                               build/debug/stm32f4xx_hal_flash.o
HAL_FLASH_OperationErrorCallback                  build/debug/stm32f4xx_hal_flash.o
HAL_FLASH_Program                                 build/debug/stm32f4xx_hal_flash.o
HAL_FLASH_Program_IT                              build/debug/stm32f4xx_hal_flash.o
HAL_FLASH_Unlock                                  build/debug/stm32f4xx_hal_flash.o
HAL_GPIO_DeInit                                   build/debug/stm32f4xx_hal_gpio.o
                                                  build/debug/usart.o
                                                  build/debug/spi.o
                                                  build/debug/can.o
HAL_GPIO_EXTI_Callback                            build/debug/stm32f4xx_hal_gpio.o
HAL_GPIO_EXTI_IRQHandler                          build/debug/stm32f4xx_hal_gpio.o
HAL_GPIO_Init                                     build/debug/stm32f4xx_hal_gpio.o
                                                  build/debug/usart.o
                                                  build/debug/stm32f4xx_hal_rcc.o
                                                  build/debug/spi.o
                                                  build/debug/gpio.o
                                                  build/debug/can.o
HAL_GPIO_LockPin                                  build/debug/stm32f4xx_hal_gpio.o
HAL_GPIO_ReadPin                                  build/debug/stm32f4xx_hal_gpio.o
HAL_GPIO_TogglePin                                build/debug/stm32f4xx_hal_gpio.o
HAL_GPIO_WritePin                                 build/debug/stm32f4xx_hal_gpio.o
                                                  build/debug/gpio.o
HAL_GetDEVID                                      build/debug/stm32f4xx_hal.o
HAL_GetHalVersion                                 build/debug/stm32f4xx_hal.o
HAL_GetREVID                                      build/debug/stm32f4xx_hal.o
HAL_GetTick                                       build/debug/stm32f4xx_hal.o
                                                  build/debug/stm32f4xx_hal_uart.o
                                                  build/debug/stm32f4xx_hal_spi.o
                                                  build/debug/stm32f4xx_hal_rcc_ex.o
                                                  build/debug/stm32f4xx_hal_rcc.o
                                                  build/debug/stm32f4xx_hal_pwr_ex.o
                                                  build/debug/stm32f4xx_hal_flash.o
                                                  build/debug/stm32f4xx_hal_dma.o
                                                  build/debug/stm32f4xx_hal_can.o
HAL_GetTickFreq                                   build/debug/stm32f4xx_hal.o
HAL_GetTickPrio                                   build/debug/stm32f4xx_hal.o
HAL_GetUIDw0                                      build/debug/stm32f4xx_hal.o
HAL_GetUIDw1                                      build/debug/stm32f4xx_hal.o
HAL_GetUIDw2                                      build/debug/stm32f4xx_hal.o
HAL_HalfDuplex_EnableReceiver                     build/debug/stm32f4xx_hal_uart.o
HAL_HalfDuplex_EnableTransmitter                  build/debug/stm32f4xx_hal_uart.o
HAL_HalfDuplex_Init                               build/debug/stm32f4xx_hal_uart.o
HAL_IncTick                                       build/debug/stm32f4xx_hal.o
                                                  build/debug/stm32f4xx_it.o
HAL_Init                                          build/debug/stm32f4xx_hal.o
                                                  build/debug/main.o
HAL_InitTick                                      build/debug/stm32f4xx_hal.o
                                                  build/debug/stm32f4xx_hal_rcc_ex.o
                                                  build/debug/stm32f4xx_hal_rcc.o
HAL_LIN_Init                                      build/debug/stm32f4xx_hal_uart.o
HAL_LIN_SendBreak                                 build/debug/stm32f4xx_hal_uart.o
HAL_MPU_ConfigRegion                              build/debug/stm32f4xx_hal_cortex.o
HAL_MPU_Disable                                   build/debug/stm32f4xx_hal_cortex.o
HAL_MPU_DisableRegion                             build/debug/stm32f4xx_hal_cortex.o
HAL_MPU_Enable                                    build/debug/stm32f4xx_hal_cortex.o
HAL_MPU_EnableRegion                              build/debug/stm32f4xx_hal_cortex.o
HAL_MspDeInit                                     build/debug/stm32f4xx_hal.o
HAL_MspInit                                       build/debug/stm32f4xx_hal_msp.o
                                                  build/debug/stm32f4xx_hal.o
HAL_MultiProcessor_EnterMuteMode                  build/debug/stm32f4xx_hal_uart.o
HAL_MultiProcessor_ExitMuteMode                   build/debug/stm32f4xx_hal_uart.o
HAL_MultiProcessor_Init                           build/debug/stm32f4xx_hal_uart.o
HAL_NVIC_ClearPendingIRQ                          build/debug/stm32f4xx_hal_cortex.o
HAL_NVIC_DisableIRQ                               build/debug/stm32f4xx_hal_cortex.o
HAL_NVIC_EnableIRQ                                build/debug/stm32f4xx_hal_cortex.o
HAL_NVIC_GetActive                                build/debug/stm32f4xx_hal_cortex.o
HAL_NVIC_GetPendingIRQ                            build/debug/stm32f4xx_hal_cortex.o
HAL_NVIC_GetPriority                              build/debug/stm32f4xx_hal_cortex.o
HAL_NVIC_GetPriorityGrouping                      build/debug/stm32f4xx_hal_cortex.o
HAL_NVIC_SetPendingIRQ                            build/debug/stm32f4xx_hal_cortex.o
HAL_NVIC_SetPriority                              build/debug/stm32f4xx_hal_cortex.o
                                                  build/debug/stm32f4xx_hal.o
HAL_NVIC_SetPriorityGrouping                      build/debug/stm32f4xx_hal_cortex.o
                                                  build/debug/stm32f4xx_hal.o
HAL_NVIC_SystemReset                              build/debug/stm32f4xx_hal_cortex.o
HAL_PWREx_ControlVoltageScaling                   build/debug/stm32f4xx_hal_pwr_ex.o
HAL_PWREx_DisableBkUpReg                          build/debug/stm32f4xx_hal_pwr_ex.o
HAL_PWREx_DisableFlashPowerDown                   build/debug/stm32f4xx_hal_pwr_ex.o
HAL_PWREx_EnableBkUpReg                           build/debug/stm32f4xx_hal_pwr_ex.o
HAL_PWREx_EnableFlashPowerDown                    build/debug/stm32f4xx_hal_pwr_ex.o
HAL_PWREx_GetVoltageRange                         build/debug/stm32f4xx_hal_pwr_ex.o
HAL_PWR_ConfigPVD                                 build/debug/stm32f4xx_hal_pwr.o
HAL_PWR_DeInit                                    build/debug/stm32f4xx_hal_pwr.o
HAL_PWR_DisableBkUpAccess                         build/debug/stm32f4xx_hal_pwr.o
HAL_PWR_DisablePVD                                build/debug/stm32f4xx_hal_pwr.o
HAL_PWR_DisableSEVOnPend                          build/debug/stm32f4xx_hal_pwr.o
HAL_PWR_DisableSleepOnExit                        build/debug/stm32f4xx_hal_pwr.o
HAL_PWR_DisableWakeUpPin                          build/debug/stm32f4xx_hal_pwr.o
HAL_PWR_EnableBkUpAccess                          build/debug/stm32f4xx_hal_pwr.o
HAL_PWR_EnablePVD                                 build/debug/stm32f4xx_hal_pwr.o
HAL_PWR_EnableSEVOnPend                           build/debug/stm32f4xx_hal_pwr.o
HAL_PWR_EnableSleepOnExit                         build/debug/stm32f4xx_hal_pwr.o
HAL_PWR_EnableWakeUpPin                           build/debug/stm32f4xx_hal_pwr.o
HAL_PWR_EnterSLEEPMode                            build/debug/stm32f4xx_hal_pwr.o
HAL_PWR_EnterSTANDBYMode                          build/debug/stm32f4xx_hal_pwr.o
HAL_PWR_EnterSTOPMode                             build/debug/stm32f4xx_hal_pwr.o
HAL_PWR_PVDCallback                               build/debug/stm32f4xx_hal_pwr.o
HAL_PWR_PVD_IRQHandler                            build/debug/stm32f4xx_hal_pwr.o
HAL_RCCEx_DisablePLLI2S                           build/debug/stm32f4xx_hal_rcc_ex.o
HAL_RCCEx_EnablePLLI2S                            build/debug/stm32f4xx_hal_rcc_ex.o
HAL_RCCEx_GetPeriphCLKConfig                      build/debug/stm32f4xx_hal_rcc_ex.o
HAL_RCCEx_GetPeriphCLKFreq                        build/debug/stm32f4xx_hal_rcc_ex.o
HAL_RCCEx_PeriphCLKConfig                         build/debug/stm32f4xx_hal_rcc_ex.o
HAL_RCC_CSSCallback                               build/debug/stm32f4xx_hal_rcc.o
HAL_RCC_ClockConfig                               build/debug/stm32f4xx_hal_rcc.o
                                                  build/debug/main.o
HAL_RCC_DeInit                                    build/debug/stm32f4xx_hal_rcc_ex.o
                                                  build/debug/stm32f4xx_hal_rcc.o
HAL_RCC_DisableCSS                                build/debug/stm32f4xx_hal_rcc.o
HAL_RCC_EnableCSS                                 build/debug/stm32f4xx_hal_rcc.o
HAL_RCC_GetClockConfig                            build/debug/stm32f4xx_hal_rcc.o
HAL_RCC_GetHCLKFreq                               build/debug/stm32f4xx_hal_rcc.o
HAL_RCC_GetOscConfig                              build/debug/stm32f4xx_hal_rcc.o
HAL_RCC_GetPCLK1Freq                              build/debug/stm32f4xx_hal_rcc.o
                                                  build/debug/stm32f4xx_hal_uart.o
HAL_RCC_GetPCLK2Freq                              build/debug/stm32f4xx_hal_rcc.o
                                                  build/debug/stm32f4xx_hal_uart.o
HAL_RCC_GetSysClockFreq                           build/debug/stm32f4xx_hal_rcc.o
HAL_RCC_MCOConfig                                 build/debug/stm32f4xx_hal_rcc.o
HAL_RCC_NMI_IRQHandler                            build/debug/stm32f4xx_hal_rcc.o
HAL_RCC_OscConfig                                 build/debug/stm32f4xx_hal_rcc.o
                                                  build/debug/main.o
HAL_ResumeTick                                    build/debug/stm32f4xx_hal.o
HAL_SPI_Abort                                     build/debug/stm32f4xx_hal_spi.o
HAL_SPI_AbortCpltCallback                         build/debug/stm32f4xx_hal_spi.o
HAL_SPI_Abort_IT                                  build/debug/stm32f4xx_hal_spi.o
HAL_SPI_DMAPause                                  build/debug/stm32f4xx_hal_spi.o
HAL_SPI_DMAResume                                 build/debug/stm32f4xx_hal_spi.o
HAL_SPI_DMAStop                                   build/debug/stm32f4xx_hal_spi.o
HAL_SPI_DeInit                                    build/debug/stm32f4xx_hal_spi.o
HAL_SPI_ErrorCallback                             build/debug/stm32f4xx_hal_spi.o
HAL_SPI_GetError                                  build/debug/stm32f4xx_hal_spi.o
HAL_SPI_GetState                                  build/debug/stm32f4xx_hal_spi.o
HAL_SPI_IRQHandler                                build/debug/stm32f4xx_hal_spi.o
HAL_SPI_Init                                      build/debug/stm32f4xx_hal_spi.o
                                                  build/debug/spi.o
HAL_SPI_MspDeInit                                 build/debug/spi.o
HAL_SPI_MspInit                                   build/debug/spi.o
HAL_SPI_Receive                                   build/debug/stm32f4xx_hal_spi.o
HAL_SPI_Receive_DMA                               build/debug/stm32f4xx_hal_spi.o
HAL_SPI_Receive_IT                                build/debug/stm32f4xx_hal_spi.o
HAL_SPI_RxCpltCallback                            build/debug/stm32f4xx_hal_spi.o
HAL_SPI_RxHalfCpltCallback                        build/debug/stm32f4xx_hal_spi.o
HAL_SPI_Transmit                                  build/debug/stm32f4xx_hal_spi.o
HAL_SPI_TransmitReceive                           build/debug/stm32f4xx_hal_spi.o
HAL_SPI_TransmitReceive_DMA                       build/debug/stm32f4xx_hal_spi.o
HAL_SPI_TransmitReceive_IT                        build/debug/stm32f4xx_hal_spi.o
HAL_SPI_Transmit_DMA                              build/debug/stm32f4xx_hal_spi.o
HAL_SPI_Transmit_IT                               build/debug/stm32f4xx_hal_spi.o
HAL_SPI_TxCpltCallback                            build/debug/stm32f4xx_hal_spi.o
HAL_SPI_TxHalfCpltCallback                        build/debug/stm32f4xx_hal_spi.o
HAL_SPI_TxRxCpltCallback                          build/debug/stm32f4xx_hal_spi.o
HAL_SPI_TxRxHalfCpltCallback                      build/debug/stm32f4xx_hal_spi.o
HAL_SYSTICK_CLKSourceConfig                       build/debug/stm32f4xx_hal_cortex.o
HAL_SYSTICK_Callback                              build/debug/stm32f4xx_hal_cortex.o
HAL_SYSTICK_Config                                build/debug/stm32f4xx_hal_cortex.o
                                                  build/debug/stm32f4xx_hal.o
HAL_SYSTICK_IRQHandler                            build/debug/stm32f4xx_hal_cortex.o
HAL_SetTickFreq                                   build/debug/stm32f4xx_hal.o
HAL_SuspendTick                                   build/debug/stm32f4xx_hal.o
HAL_UARTEx_GetRxEventType                         build/debug/stm32f4xx_hal_uart.o
HAL_UARTEx_ReceiveToIdle                          build/debug/stm32f4xx_hal_uart.o
HAL_UARTEx_ReceiveToIdle_DMA                      build/debug/stm32f4xx_hal_uart.o
HAL_UARTEx_ReceiveToIdle_IT                       build/debug/stm32f4xx_hal_uart.o
HAL_UARTEx_RxEventCallback                        build/debug/stm32f4xx_hal_uart.o
HAL_UART_Abort                                    build/debug/stm32f4xx_hal_uart.o
HAL_UART_AbortCpltCallback                        build/debug/stm32f4xx_hal_uart.o
HAL_UART_AbortReceive                             build/debug/stm32f4xx_hal_uart.o
HAL_UART_AbortReceiveCpltCallback                 build/debug/stm32f4xx_hal_uart.o
HAL_UART_AbortReceive_IT                          build/debug/stm32f4xx_hal_uart.o
HAL_UART_AbortTransmit                            build/debug/stm32f4xx_hal_uart.o
HAL_UART_AbortTransmitCpltCallback                build/debug/stm32f4xx_hal_uart.o
HAL_UART_AbortTransmit_IT                         build/debug/stm32f4xx_hal_uart.o
HAL_UART_Abort_IT                                 build/debug/stm32f4xx_hal_uart.o
HAL_UART_DMAPause                                 build/debug/stm32f4xx_hal_uart.o
HAL_UART_DMAResume                                build/debug/stm32f4xx_hal_uart.o
HAL_UART_DMAStop                                  build/debug/stm32f4xx_hal_uart.o
HAL_UART_DeInit                                   build/debug/stm32f4xx_hal_uart.o
HAL_UART_ErrorCallback                            build/debug/stm32f4xx_hal_uart.o
HAL_UART_GetError                                 build/debug/stm32f4xx_hal_uart.o
HAL_UART_GetState                                 build/debug/stm32f4xx_hal_uart.o
HAL_UART_IRQHandler                               build/debug/stm32f4xx_hal_uart.o
HAL_UART_Init                                     build/debug/stm32f4xx_hal_uart.o
                                                  build/debug/usart.o
HAL_UART_MspDeInit                                build/debug/usart.o
                                                  build/debug/stm32f4xx_hal_uart.o
HAL_UART_MspInit                                  build/debug/usart.o
                                                  build/debug/stm32f4xx_hal_uart.o
HAL_UART_Receive                                  build/debug/stm32f4xx_hal_uart.o
HAL_UART_Receive_DMA                              build/debug/stm32f4xx_hal_uart.o
HAL_UART_Receive_IT                               build/debug/stm32f4xx_hal_uart.o
HAL_UART_RxCpltCallback                           build/debug/stm32f4xx_hal_uart.o
HAL_UART_RxHalfCpltCallback                       build/debug/stm32f4xx_hal_uart.o
HAL_UART_Transmit                                 build/debug/stm32f4xx_hal_uart.o
HAL_UART_Transmit_DMA                             build/debug/stm32f4xx_hal_uart.o
HAL_UART_Transmit_IT                              build/debug/stm32f4xx_hal_uart.o
HAL_UART_TxCpltCallback                           build/debug/stm32f4xx_hal_uart.o
HAL_UART_TxHalfCpltCallback                       build/debug/stm32f4xx_hal_uart.o
HASH_RNG_IRQHandler                               build/debug/startup_stm32f405xx.o
HardFault_Handler                                 build/debug/stm32f4xx_it.o
I2C1_ER_IRQHandler                                build/debug/startup_stm32f405xx.o
I2C1_EV_IRQHandler                                build/debug/startup_stm32f405xx.o
I2C2_ER_IRQHandler                                build/debug/startup_stm32f405xx.o
I2C2_EV_IRQHandler                                build/debug/startup_stm32f405xx.o
I2C3_ER_IRQHandler                                build/debug/startup_stm32f405xx.o
I2C3_EV_IRQHandler                                build/debug/startup_stm32f405xx.o
MX_CAN1_Init                                      build/debug/can.o
                                                  build/debug/main.o
MX_GPIO_Init                                      build/debug/gpio.o
                                                  build/debug/main.o
MX_SPI1_Init                                      build/debug/spi.o
                                                  build/debug/main.o
MX_SPI2_Init                                      build/debug/spi.o
                                                  build/debug/main.o
MX_USART1_UART_Init                               build/debug/usart.o
                                                  build/debug/main.o
MX_USART2_UART_Init                               build/debug/usart.o
                                                  build/debug/main.o
MemManage_Handler                                 build/debug/stm32f4xx_it.o
NMI_Handler                                       build/debug/stm32f4xx_it.o
OTG_FS_IRQHandler                                 build/debug/startup_stm32f405xx.o
OTG_FS_WKUP_IRQHandler                            build/debug/startup_stm32f405xx.o
OTG_HS_EP1_IN_IRQHandler                          build/debug/startup_stm32f405xx.o
OTG_HS_EP1_OUT_IRQHandler                         build/debug/startup_stm32f405xx.o
OTG_HS_IRQHandler                                 build/debug/startup_stm32f405xx.o
OTG_HS_WKUP_IRQHandler                            build/debug/startup_stm32f405xx.o
PVD_IRQHandler                                    build/debug/startup_stm32f405xx.o
PendSV_Handler                                    build/debug/stm32f4xx_it.o
RCC_IRQHandler                                    build/debug/startup_stm32f405xx.o
RTC_Alarm_IRQHandler                              build/debug/startup_stm32f405xx.o
RTC_WKUP_IRQHandler                               build/debug/startup_stm32f405xx.o
Reset_Handler                                     build/debug/startup_stm32f405xx.o
SDIO_IRQHandler                                   build/debug/startup_stm32f405xx.o
SPI1_IRQHandler                                   build/debug/startup_stm32f405xx.o
SPI2_IRQHandler                                   build/debug/startup_stm32f405xx.o
SPI3_IRQHandler                                   build/debug/startup_stm32f405xx.o
SVC_Handler                                       build/debug/stm32f4xx_it.o
SysTick_Handler                                   build/debug/stm32f4xx_it.o
SystemClock_Config                                build/debug/main.o
SystemCoreClock                                   build/debug/system_stm32f4xx.o
                                                  build/debug/stm32f4xx_hal_spi.o
                                                  build/debug/stm32f4xx_hal_rcc_ex.o
                                                  build/debug/stm32f4xx_hal_rcc.o
                                                  build/debug/stm32f4xx_hal_dma.o
                                                  build/debug/stm32f4xx_hal.o
SystemCoreClockUpdate                             build/debug/system_stm32f4xx.o
SystemInit                                        build/debug/system_stm32f4xx.o
                                                  build/debug/startup_stm32f405xx.o
TAMP_STAMP_IRQHandler                             build/debug/startup_stm32f405xx.o
TIM1_BRK_TIM9_IRQHandler                          build/debug/startup_stm32f405xx.o
TIM1_CC_IRQHandler                                build/debug/startup_stm32f405xx.o
TIM1_TRG_COM_TIM11_IRQHandler                     build/debug/startup_stm32f405xx.o
TIM1_UP_TIM10_IRQHandler                          build/debug/startup_stm32f405xx.o
TIM2_IRQHandler                                   build/debug/startup_stm32f405xx.o
TIM3_IRQHandler                                   build/debug/startup_stm32f405xx.o
TIM4_IRQHandler                                   build/debug/startup_stm32f405xx.o
TIM5_IRQHandler                                   build/debug/startup_stm32f405xx.o
TIM6_DAC_IRQHandler                               build/debug/startup_stm32f405xx.o
TIM7_IRQHandler                                   build/debug/startup_stm32f405xx.o
TIM8_BRK_TIM12_IRQHandler                         build/debug/startup_stm32f405xx.o
TIM8_CC_IRQHandler                                build/debug/startup_stm32f405xx.o
TIM8_TRG_COM_TIM14_IRQHandler                     build/debug/startup_stm32f405xx.o
TIM8_UP_TIM13_IRQHandler                          build/debug/startup_stm32f405xx.o
UART4_IRQHandler                                  build/debug/startup_stm32f405xx.o
UART5_IRQHandler                                  build/debug/startup_stm32f405xx.o
UART_Start_Receive_DMA                            build/debug/stm32f4xx_hal_uart.o
UART_Start_Receive_IT                             build/debug/stm32f4xx_hal_uart.o
USART1_IRQHandler                                 build/debug/startup_stm32f405xx.o
USART2_IRQHandler                                 build/debug/startup_stm32f405xx.o
USART3_IRQHandler                                 build/debug/startup_stm32f405xx.o
USART6_IRQHandler                                 build/debug/startup_stm32f405xx.o
UsageFault_Handler                                build/debug/stm32f4xx_it.o
WWDG_IRQHandler                                   build/debug/startup_stm32f405xx.o
_ITM_deregisterTMCloneTable                       /usr/lib/gcc/arm-none-eabi/13.2.1/thumb/v7e-m+fp/hard/crtbegin.o
_ITM_registerTMCloneTable                         /usr/lib/gcc/arm-none-eabi/13.2.1/thumb/v7e-m+fp/hard/crtbegin.o
_Min_Stack_Size                                   build/debug/sysmem.o
__TMC_END__                                       /usr/lib/gcc/arm-none-eabi/13.2.1/thumb/v7e-m+fp/hard/crtend.o
                                                  /usr/lib/gcc/arm-none-eabi/13.2.1/thumb/v7e-m+fp/hard/crtbegin.o
__aeabi_idiv0                                     /usr/lib/gcc/arm-none-eabi/13.2.1/thumb/v7e-m+fp/hard/libgcc.a(_dvmd_tls.o)
__aeabi_ldiv0                                     /usr/lib/gcc/arm-none-eabi/13.2.1/thumb/v7e-m+fp/hard/libgcc.a(_dvmd_tls.o)
                                                  /usr/lib/gcc/arm-none-eabi/13.2.1/thumb/v7e-m+fp/hard/libgcc.a(_aeabi_uldivmod.o)
__aeabi_uldivmod                                  /usr/lib/gcc/arm-none-eabi/13.2.1/thumb/v7e-m+fp/hard/libgcc.a(_aeabi_uldivmod.o)
                                                  build/debug/stm32f4xx_hal_uart.o
                                                  build/debug/stm32f4xx_hal_rcc.o
__atexit                                          /usr/lib/gcc/arm-none-eabi/13.2.1/../../../arm-none-eabi/lib/thumb/v7e-m+fp/hard/libc_nano.a(libc_a-__call_atexit.o)
                                                  /usr/lib/gcc/arm-none-eabi/13.2.1/../../../arm-none-eabi/lib/thumb/v7e-m+fp/hard/libc_nano.a(libc_a-__atexit.o)
__atexit0                                         /usr/lib/gcc/arm-none-eabi/13.2.1/../../../arm-none-eabi/lib/thumb/v7e-m+fp/hard/libc_nano.a(libc_a-__atexit.o)
__atexit_dummy                                    /usr/lib/gcc/arm-none-eabi/13.2.1/../../../arm-none-eabi/lib/thumb/v7e-m+fp/hard/libc_nano.a(libc_a-__atexit.o)
__bss_end__                                       /usr/lib/gcc/arm-none-eabi/13.2.1/../../../arm-none-eabi/lib/thumb/v7e-m+fp/hard/crt0.o
__bss_start__                                     /usr/lib/gcc/arm-none-eabi/13.2.1/../../../arm-none-eabi/lib/thumb/v7e-m+fp/hard/crt0.o
__call_exitprocs                                  /usr/lib/gcc/arm-none-eabi/13.2.1/../../../arm-none-eabi/lib/thumb/v7e-m+fp/hard/libc_nano.a(libc_a-__call_atexit.o)
                                                  /usr/lib/gcc/arm-none-eabi/13.2.1/../../../arm-none-eabi/lib/thumb/v7e-m+fp/hard/libc_nano.a(libc_a-__atexit.o)
                                                  /usr/lib/gcc/arm-none-eabi/13.2.1/../../../arm-none-eabi/lib/thumb/v7e-m+fp/hard/libc_nano.a(libc_a-exit.o)
__deregister_frame_info                           /usr/lib/gcc/arm-none-eabi/13.2.1/thumb/v7e-m+fp/hard/crtbegin.o
__dso_handle                                      /usr/lib/gcc/arm-none-eabi/13.2.1/thumb/v7e-m+fp/hard/crtbegin.o
__env                                             build/debug/syscalls.o
__errno                                           /usr/lib/gcc/arm-none-eabi/13.2.1/../../../arm-none-eabi/lib/thumb/v7e-m+fp/hard/libc_nano.a(libc_a-errno.o)
                                                  build/debug/sysmem.o
                                                  build/debug/syscalls.o
__fini_array_end                                  /usr/lib/gcc/arm-none-eabi/13.2.1/../../../arm-none-eabi/lib/thumb/v7e-m+fp/hard/libc_nano.a(libc_a-fini.o)
__fini_array_start                                /usr/lib/gcc/arm-none-eabi/13.2.1/../../../arm-none-eabi/lib/thumb/v7e-m+fp/hard/libc_nano.a(libc_a-fini.o)
__fp_lock_all                                     /usr/lib/gcc/arm-none-eabi/13.2.1/../../../arm-none-eabi/lib/thumb/v7e-m+fp/hard/libc_nano.a(libc_a-findfp.o)
__fp_unlock_all                                   /usr/lib/gcc/arm-none-eabi/13.2.1/../../../arm-none-eabi/lib/thumb/v7e-m+fp/hard/libc_nano.a(libc_a-findfp.o)
__init_array_end                                  /usr/lib/gcc/arm-none-eabi/13.2.1/../../../arm-none-eabi/lib/thumb/v7e-m+fp/hard/libc_nano.a(libc_a-init.o)
__init_array_start                                /usr/lib/gcc/arm-none-eabi/13.2.1/../../../arm-none-eabi/lib/thumb/v7e-m+fp/hard/libc_nano.a(libc_a-init.o)
__io_getchar                                      build/debug/syscalls.o
__io_putchar                                      build/debug/syscalls.o
__libc_fini_array                                 /usr/lib/gcc/arm-none-eabi/13.2.1/../../../arm-none-eabi/lib/thumb/v7e-m+fp/hard/libc_nano.a(libc_a-fini.o)
                                                  /usr/lib/gcc/arm-none-eabi/13.2.1/../../../arm-none-eabi/lib/thumb/v7e-m+fp/hard/crt0.o
__libc_init_array                                 /usr/lib/gcc/arm-none-eabi/13.2.1/../../../arm-none-eabi/lib/thumb/v7e-m+fp/hard/libc_nano.a(libc_a-init.o)
                                                  build/debug/startup_stm32f405xx.o
                                                  /usr/lib/gcc/arm-none-eabi/13.2.1/../../../arm-none-eabi/lib/thumb/v7e-m+fp/hard/crt0.o
__malloc_free_list                                /usr/lib/gcc/arm-none-eabi/13.2.1/../../../arm-none-eabi/lib/thumb/v7e-m+fp/hard/libc_nano.a(libc_a-mallocr.o)
                                                  /usr/lib/gcc/arm-none-eabi/13.2.1/../../../arm-none-eabi/lib/thumb/v7e-m+fp/hard/libc_nano.a(libc_a-freer.o)
__malloc_lock                                     /usr/lib/gcc/arm-none-eabi/13.2.1/../../../arm-none-eabi/lib/thumb/v7e-m+fp/hard/libc_nano.a(libc_a-mlock.o)
                                                  /usr/lib/gcc/arm-none-eabi/13.2.1/../../../arm-none-eabi/lib/thumb/v7e-m+fp/hard/libc_nano.a(libc_a-freer.o)
                                                  /usr/lib/gcc/arm-none-eabi/13.2.1/../../../arm-none-eabi/lib/thumb/v7e-m+fp/hard/libc_nano.a(libc_a-mallocr.o)
__malloc_sbrk_start                               /usr/lib/gcc/arm-none-eabi/13.2.1/../../../arm-none-eabi/lib/thumb/v7e-m+fp/hard/libc_nano.a(libc_a-mallocr.o)
__malloc_unlock                                   /usr/lib/gcc/arm-none-eabi/13.2.1/../../../arm-none-eabi/lib/thumb/v7e-m+fp/hard/libc_nano.a(libc_a-mlock.o)
                                                  /usr/lib/gcc/arm-none-eabi/13.2.1/../../../arm-none-eabi/lib/thumb/v7e-m+fp/hard/libc_nano.a(libc_a-freer.o)
                                                  /usr/lib/gcc/arm-none-eabi/13.2.1/../../../arm-none-eabi/lib/thumb/v7e-m+fp/hard/libc_nano.a(libc_a-mallocr.o)
__on_exit_args                                    /usr/lib/gcc/arm-none-eabi/13.2.1/../../../arm-none-eabi/lib/thumb/v7e-m+fp/hard/libc_nano.a(libc_a-__atexit.o)
__preinit_array_end                               /usr/lib/gcc/arm-none-eabi/13.2.1/../../../arm-none-eabi/lib/thumb/v7e-m+fp/hard/libc_nano.a(libc_a-init.o)
__preinit_array_start                             /usr/lib/gcc/arm-none-eabi/13.2.1/../../../arm-none-eabi/lib/thumb/v7e-m+fp/hard/libc_nano.a(libc_a-init.o)
__register_exitproc                               /usr/lib/gcc/arm-none-eabi/13.2.1/../../../arm-none-eabi/lib/thumb/v7e-m+fp/hard/libc_nano.a(libc_a-__atexit.o)
                                                  /usr/lib/gcc/arm-none-eabi/13.2.1/../../../arm-none-eabi/lib/thumb/v7e-m+fp/hard/libc_nano.a(libc_a-atexit.o)
__register_frame_info                             /usr/lib/gcc/arm-none-eabi/13.2.1/thumb/v7e-m+fp/hard/crtbegin.o
__sclose                                          /usr/lib/gcc/arm-none-eabi/13.2.1/../../../arm-none-eabi/lib/thumb/v7e-m+fp/hard/libc_nano.a(libc_a-stdio.o)
                                                  /usr/lib/gcc/arm-none-eabi/13.2.1/../../../arm-none-eabi/lib/thumb/v7e-m+fp/hard/libc_nano.a(libc_a-findfp.o)
__seofread                                        /usr/lib/gcc/arm-none-eabi/13.2.1/../../../arm-none-eabi/lib/thumb/v7e-m+fp/hard/libc_nano.a(libc_a-stdio.o)
__sf                                              /usr/lib/gcc/arm-none-eabi/13.2.1/../../../arm-none-eabi/lib/thumb/v7e-m+fp/hard/libc_nano.a(libc_a-findfp.o)
                                                  /usr/lib/gcc/arm-none-eabi/13.2.1/../../../arm-none-eabi/lib/thumb/v7e-m+fp/hard/libc_nano.a(libc_a-impure.o)
__sflush_r                                        /usr/lib/gcc/arm-none-eabi/13.2.1/../../../arm-none-eabi/lib/thumb/v7e-m+fp/hard/libc_nano.a(libc_a-fflush.o)
__sfp                                             /usr/lib/gcc/arm-none-eabi/13.2.1/../../../arm-none-eabi/lib/thumb/v7e-m+fp/hard/libc_nano.a(libc_a-findfp.o)
__sfp_lock_acquire                                /usr/lib/gcc/arm-none-eabi/13.2.1/../../../arm-none-eabi/lib/thumb/v7e-m+fp/hard/libc_nano.a(libc_a-findfp.o)
__sfp_lock_release                                /usr/lib/gcc/arm-none-eabi/13.2.1/../../../arm-none-eabi/lib/thumb/v7e-m+fp/hard/libc_nano.a(libc_a-findfp.o)
__sglue                                           /usr/lib/gcc/arm-none-eabi/13.2.1/../../../arm-none-eabi/lib/thumb/v7e-m+fp/hard/libc_nano.a(libc_a-findfp.o)
                                                  /usr/lib/gcc/arm-none-eabi/13.2.1/../../../arm-none-eabi/lib/thumb/v7e-m+fp/hard/libc_nano.a(libc_a-fflush.o)
__sinit                                           /usr/lib/gcc/arm-none-eabi/13.2.1/../../../arm-none-eabi/lib/thumb/v7e-m+fp/hard/libc_nano.a(libc_a-findfp.o)
                                                  /usr/lib/gcc/arm-none-eabi/13.2.1/../../../arm-none-eabi/lib/thumb/v7e-m+fp/hard/libc_nano.a(libc_a-fflush.o)
__sread                                           /usr/lib/gcc/arm-none-eabi/13.2.1/../../../arm-none-eabi/lib/thumb/v7e-m+fp/hard/libc_nano.a(libc_a-stdio.o)
                                                  /usr/lib/gcc/arm-none-eabi/13.2.1/../../../arm-none-eabi/lib/thumb/v7e-m+fp/hard/libc_nano.a(libc_a-findfp.o)
__sseek                                           /usr/lib/gcc/arm-none-eabi/13.2.1/../../../arm-none-eabi/lib/thumb/v7e-m+fp/hard/libc_nano.a(libc_a-stdio.o)
                                                  /usr/lib/gcc/arm-none-eabi/13.2.1/../../../arm-none-eabi/lib/thumb/v7e-m+fp/hard/libc_nano.a(libc_a-findfp.o)
__stack                                           /usr/lib/gcc/arm-none-eabi/13.2.1/../../../arm-none-eabi/lib/thumb/v7e-m+fp/hard/crt0.o
__stdio_exit_handler                              /usr/lib/gcc/arm-none-eabi/13.2.1/../../../arm-none-eabi/lib/thumb/v7e-m+fp/hard/libc_nano.a(libc_a-findfp.o)
                                                  /usr/lib/gcc/arm-none-eabi/13.2.1/../../../arm-none-eabi/lib/thumb/v7e-m+fp/hard/libc_nano.a(libc_a-exit.o)
__swrite                                          /usr/lib/gcc/arm-none-eabi/13.2.1/../../../arm-none-eabi/lib/thumb/v7e-m+fp/hard/libc_nano.a(libc_a-stdio.o)
                                                  /usr/lib/gcc/arm-none-eabi/13.2.1/../../../arm-none-eabi/lib/thumb/v7e-m+fp/hard/libc_nano.a(libc_a-findfp.o)
__udivmoddi4                                      /usr/lib/gcc/arm-none-eabi/13.2.1/thumb/v7e-m+fp/hard/libgcc.a(_udivmoddi4.o)
                                                  /usr/lib/gcc/arm-none-eabi/13.2.1/thumb/v7e-m+fp/hard/libgcc.a(_aeabi_uldivmod.o)
_close                                            build/debug/syscalls.o
                                                  /usr/lib/gcc/arm-none-eabi/13.2.1/../../../arm-none-eabi/lib/thumb/v7e-m+fp/hard/libc_nano.a(libc_a-closer.o)
_close_r                                          /usr/lib/gcc/arm-none-eabi/13.2.1/../../../arm-none-eabi/lib/thumb/v7e-m+fp/hard/libc_nano.a(libc_a-closer.o)
                                                  /usr/lib/gcc/arm-none-eabi/13.2.1/../../../arm-none-eabi/lib/thumb/v7e-m+fp/hard/libc_nano.a(libc_a-stdio.o)
_ebss                                             build/debug/startup_stm32f405xx.o
_edata                                            build/debug/startup_stm32f405xx.o
_end                                              build/debug/sysmem.o
_estack                                           build/debug/startup_stm32f405xx.o
                                                  build/debug/sysmem.o
_execve                                           build/debug/syscalls.o
_exit                                             build/debug/syscalls.o
                                                  /usr/lib/gcc/arm-none-eabi/13.2.1/../../../arm-none-eabi/lib/thumb/v7e-m+fp/hard/libc_nano.a(libc_a-exit.o)
_fflush_r                                         /usr/lib/gcc/arm-none-eabi/13.2.1/../../../arm-none-eabi/lib/thumb/v7e-m+fp/hard/libc_nano.a(libc_a-fflush.o)
                                                  /usr/lib/gcc/arm-none-eabi/13.2.1/../../../arm-none-eabi/lib/thumb/v7e-m+fp/hard/libc_nano.a(libc_a-findfp.o)
_fini                                             /usr/lib/gcc/arm-none-eabi/13.2.1/thumb/v7e-m+fp/hard/crti.o
                                                  /usr/lib/gcc/arm-none-eabi/13.2.1/../../../arm-none-eabi/lib/thumb/v7e-m+fp/hard/libc_nano.a(libc_a-fini.o)
_fork                                             build/debug/syscalls.o
_free_r                                           /usr/lib/gcc/arm-none-eabi/13.2.1/../../../arm-none-eabi/lib/thumb/v7e-m+fp/hard/libc_nano.a(libc_a-freer.o)
                                                  /usr/lib/gcc/arm-none-eabi/13.2.1/../../../arm-none-eabi/lib/thumb/v7e-m+fp/hard/libc_nano.a(libc_a-reent.o)
                                                  /usr/lib/gcc/arm-none-eabi/13.2.1/../../../arm-none-eabi/lib/thumb/v7e-m+fp/hard/libc_nano.a(libc_a-fflush.o)
_fstat                                            build/debug/syscalls.o
_fwalk_sglue                                      /usr/lib/gcc/arm-none-eabi/13.2.1/../../../arm-none-eabi/lib/thumb/v7e-m+fp/hard/libc_nano.a(libc_a-fwalk.o)
                                                  /usr/lib/gcc/arm-none-eabi/13.2.1/../../../arm-none-eabi/lib/thumb/v7e-m+fp/hard/libc_nano.a(libc_a-fflush.o)
                                                  /usr/lib/gcc/arm-none-eabi/13.2.1/../../../arm-none-eabi/lib/thumb/v7e-m+fp/hard/libc_nano.a(libc_a-findfp.o)
_getpid                                           build/debug/syscalls.o
_impure_data                                      /usr/lib/gcc/arm-none-eabi/13.2.1/../../../arm-none-eabi/lib/thumb/v7e-m+fp/hard/libc_nano.a(libc_a-impure.o)
                                                  /usr/lib/gcc/arm-none-eabi/13.2.1/../../../arm-none-eabi/lib/thumb/v7e-m+fp/hard/libc_nano.a(libc_a-fflush.o)
                                                  /usr/lib/gcc/arm-none-eabi/13.2.1/../../../arm-none-eabi/lib/thumb/v7e-m+fp/hard/libc_nano.a(libc_a-findfp.o)
_impure_ptr                                       /usr/lib/gcc/arm-none-eabi/13.2.1/../../../arm-none-eabi/lib/thumb/v7e-m+fp/hard/libc_nano.a(libc_a-impure.o)
                                                  /usr/lib/gcc/arm-none-eabi/13.2.1/../../../arm-none-eabi/lib/thumb/v7e-m+fp/hard/libc_nano.a(libc_a-reent.o)
                                                  /usr/lib/gcc/arm-none-eabi/13.2.1/../../../arm-none-eabi/lib/thumb/v7e-m+fp/hard/libc_nano.a(libc_a-fflush.o)
                                                  /usr/lib/gcc/arm-none-eabi/13.2.1/../../../arm-none-eabi/lib/thumb/v7e-m+fp/hard/libc_nano.a(libc_a-errno.o)
_init                                             /usr/lib/gcc/arm-none-eabi/13.2.1/thumb/v7e-m+fp/hard/crti.o
                                                  /usr/lib/gcc/arm-none-eabi/13.2.1/../../../arm-none-eabi/lib/thumb/v7e-m+fp/hard/libc_nano.a(libc_a-init.o)
_isatty                                           build/debug/syscalls.o
_kill                                             build/debug/syscalls.o
_link                                             build/debug/syscalls.o
_lseek                                            build/debug/syscalls.o
                                                  /usr/lib/gcc/arm-none-eabi/13.2.1/../../../arm-none-eabi/lib/thumb/v7e-m+fp/hard/libc_nano.a(libc_a-lseekr.o)
_lseek_r                                          /usr/lib/gcc/arm-none-eabi/13.2.1/../../../arm-none-eabi/lib/thumb/v7e-m+fp/hard/libc_nano.a(libc_a-lseekr.o)
                                                  /usr/lib/gcc/arm-none-eabi/13.2.1/../../../arm-none-eabi/lib/thumb/v7e-m+fp/hard/libc_nano.a(libc_a-stdio.o)
_mainCRTStartup                                   /usr/lib/gcc/arm-none-eabi/13.2.1/../../../arm-none-eabi/lib/thumb/v7e-m+fp/hard/crt0.o
_malloc_r                                         /usr/lib/gcc/arm-none-eabi/13.2.1/../../../arm-none-eabi/lib/thumb/v7e-m+fp/hard/libc_nano.a(libc_a-mallocr.o)
                                                  /usr/lib/gcc/arm-none-eabi/13.2.1/../../../arm-none-eabi/lib/thumb/v7e-m+fp/hard/libc_nano.a(libc_a-findfp.o)
_open                                             build/debug/syscalls.o
_read                                             build/debug/syscalls.o
                                                  /usr/lib/gcc/arm-none-eabi/13.2.1/../../../arm-none-eabi/lib/thumb/v7e-m+fp/hard/libc_nano.a(libc_a-readr.o)
_read_r                                           /usr/lib/gcc/arm-none-eabi/13.2.1/../../../arm-none-eabi/lib/thumb/v7e-m+fp/hard/libc_nano.a(libc_a-readr.o)
                                                  /usr/lib/gcc/arm-none-eabi/13.2.1/../../../arm-none-eabi/lib/thumb/v7e-m+fp/hard/libc_nano.a(libc_a-stdio.o)
_reclaim_reent                                    /usr/lib/gcc/arm-none-eabi/13.2.1/../../../arm-none-eabi/lib/thumb/v7e-m+fp/hard/libc_nano.a(libc_a-reent.o)
_sbrk                                             build/debug/sysmem.o
                                                  /usr/lib/gcc/arm-none-eabi/13.2.1/../../../arm-none-eabi/lib/thumb/v7e-m+fp/hard/libc_nano.a(libc_a-sbrkr.o)
_sbrk_r                                           /usr/lib/gcc/arm-none-eabi/13.2.1/../../../arm-none-eabi/lib/thumb/v7e-m+fp/hard/libc_nano.a(libc_a-sbrkr.o)
                                                  /usr/lib/gcc/arm-none-eabi/13.2.1/../../../arm-none-eabi/lib/thumb/v7e-m+fp/hard/libc_nano.a(libc_a-mallocr.o)
_sbss                                             build/debug/startup_stm32f405xx.o
_sdata                                            build/debug/startup_stm32f405xx.o
_sidata                                           build/debug/startup_stm32f405xx.o
_stack_init                                       /usr/lib/gcc/arm-none-eabi/13.2.1/../../../arm-none-eabi/lib/thumb/v7e-m+fp/hard/crt0.o
_start                                            /usr/lib/gcc/arm-none-eabi/13.2.1/../../../arm-none-eabi/lib/thumb/v7e-m+fp/hard/crt0.o
_stat                                             build/debug/syscalls.o
_times                                            build/debug/syscalls.o
_unlink                                           build/debug/syscalls.o
_wait                                             build/debug/syscalls.o
_write                                            build/debug/syscalls.o
                                                  /usr/lib/gcc/arm-none-eabi/13.2.1/../../../arm-none-eabi/lib/thumb/v7e-m+fp/hard/libc_nano.a(libc_a-writer.o)
_write_r                                          /usr/lib/gcc/arm-none-eabi/13.2.1/../../../arm-none-eabi/lib/thumb/v7e-m+fp/hard/libc_nano.a(libc_a-writer.o)
                                                  /usr/lib/gcc/arm-none-eabi/13.2.1/../../../arm-none-eabi/lib/thumb/v7e-m+fp/hard/libc_nano.a(libc_a-stdio.o)